<html>
<body>
<pre>
<h1>µVision Build Log</h1>
<h2>Tool Versions:</h2>
IDE-Version: ¦ÌVision V5.36.0.0
Copyright (C) 2021 ARM Ltd and ARM Germany GmbH. All rights reserved.
License Information: ZHANG 1173725220@qq.com, CQU, LIC=32B1Q-NHTZI-LQT0Q-NB76Z-FM837-T69RK
 
Tool Versions:
Toolchain:       MDK-ARM Plus  Version: 5.36.0.0
Toolchain Path:  C:\Keil_v5\ARM\ARMCLANG\Bin
C Compiler:      ArmClang.exe V6.16
Assembler:       Armasm.exe V6.16
Linker/Locator:  ArmLink.exe V6.16
Library Manager: ArmAr.exe V6.16
Hex Converter:   FromElf.exe V6.16
CPU DLL:         SARMCM3.DLL V5.36.0.0
Dialog DLL:      DCM.DLL V1.17.3.0
Target DLL:      CMSIS_AGDI.dll V1.33.0.0
Dialog DLL:      TCM.DLL V1.53.0.0
 
<h2>Project:</h2>
C:\Users\11737\Desktop\VIT6\MDK-ARM\VIT6.uvprojx
Project File Date:  05/02/2026

<h2>Output:</h2>
*** Using Compiler 'V6.16', folder: 'C:\Keil_v5\ARM\ARMCLANG\Bin'
Build target 'VIT6'
Before Build - User command #1: cmd.exe /c "..\fix_freertos_ac6.bat"
No FreeRTOS portable path update was needed in C:\Users\11737\Desktop\VIT6\MDK-ARM\VIT6.uvprojx
No FreeRTOS portable path update was needed in C:\Users\11737\Desktop\VIT6\MDK-ARM\VIT6.uvoptx
Verification OK: using Middlewares/Third_Party/FreeRTOS/Source/portable/GCC/ARM_CM7/r0p1
compiling catch.c...
linking...
Program Size: Code=68192 RO-data=2184 RW-data=4396 ZI-data=85276  
FromELF: creating hex file...
"VIT6\VIT6.axf" - 0 Error(s), 0 Warning(s).

<h2>Software Packages used:</h2>

Package Vendor: ARM
                http://www.keil.com/pack/ARM.CMSIS.5.8.0.pack
                ARM.CMSIS.5.8.0
                CMSIS (Common Microcontroller Software Interface Standard)
   * Component: CORE Version: 5.5.0

Package Vendor: Keil
                https://www.keil.com/pack/Keil.STM32H7xx_DFP.4.1.2.pack
                Keil.STM32H7xx_DFP.4.1.2
                STMicroelectronics STM32H7 Series Device Support

<h2>Collection of Component include folders:</h2>
  .\RTE\_VIT6
  C:\Users\11737\AppData\Local\Arm\Packs\ARM\CMSIS\5.8.0\CMSIS\Core\Include

<h2>Collection of Component Files used:</h2>

   * Component: ARM::CMSIS:CORE:5.5.0
      Include file:  CMSIS\Core\Include\tz_context.h
Build Time Elapsed:  00:00:04
</pre>
</body>
</html>
