Component: ARM Compiler 6.7 Tool: armlink [5c9ef700]

==============================================================================

Section Cross References

    startup_stm32h743xx.o(STACK) refers (Special) to heapauxi.o(.text) for __use_two_region_memory
    startup_stm32h743xx.o(HEAP) refers (Special) to heapauxi.o(.text) for __use_two_region_memory
    startup_stm32h743xx.o(RESET) refers (Special) to heapauxi.o(.text) for __use_two_region_memory
    startup_stm32h743xx.o(RESET) refers to startup_stm32h743xx.o(STACK) for __initial_sp
    startup_stm32h743xx.o(RESET) refers to startup_stm32h743xx.o(.text) for Reset_Handler
    startup_stm32h743xx.o(RESET) refers to stm32h7xx_it.o(.text.NMI_Handler) for NMI_Handler
    startup_stm32h743xx.o(RESET) refers to stm32h7xx_it.o(.text.HardFault_Handler) for HardFault_Handler
    startup_stm32h743xx.o(RESET) refers to stm32h7xx_it.o(.text.MemManage_Handler) for MemManage_Handler
    startup_stm32h743xx.o(RESET) refers to stm32h7xx_it.o(.text.BusFault_Handler) for BusFault_Handler
    startup_stm32h743xx.o(RESET) refers to stm32h7xx_it.o(.text.UsageFault_Handler) for UsageFault_Handler
    startup_stm32h743xx.o(RESET) refers to port.o(.text.SVC_Handler) for SVC_Handler
    startup_stm32h743xx.o(RESET) refers to stm32h7xx_it.o(.text.DebugMon_Handler) for DebugMon_Handler
    startup_stm32h743xx.o(RESET) refers to port.o(.text.PendSV_Handler) for PendSV_Handler
    startup_stm32h743xx.o(RESET) refers to cmsis_os2.o(.text.SysTick_Handler) for SysTick_Handler
    startup_stm32h743xx.o(RESET) refers to stm32h7xx_it.o(.text.FDCAN1_IT0_IRQHandler) for FDCAN1_IT0_IRQHandler
    startup_stm32h743xx.o(RESET) refers to stm32h7xx_it.o(.text.FDCAN2_IT0_IRQHandler) for FDCAN2_IT0_IRQHandler
    startup_stm32h743xx.o(RESET) refers to stm32h7xx_it.o(.text.FDCAN1_IT1_IRQHandler) for FDCAN1_IT1_IRQHandler
    startup_stm32h743xx.o(RESET) refers to stm32h7xx_it.o(.text.FDCAN2_IT1_IRQHandler) for FDCAN2_IT1_IRQHandler
    startup_stm32h743xx.o(RESET) refers to stm32h7xx_it.o(.text.TIM7_IRQHandler) for TIM7_IRQHandler
    startup_stm32h743xx.o(RESET) refers to stm32h7xx_it.o(.text.OTG_FS_IRQHandler) for OTG_FS_IRQHandler
    startup_stm32h743xx.o(.text) refers (Special) to heapauxi.o(.text) for __use_two_region_memory
    startup_stm32h743xx.o(.text) refers to system_stm32h7xx.o(.text.ExitRun0Mode) for ExitRun0Mode
    startup_stm32h743xx.o(.text) refers to system_stm32h7xx.o(.text.SystemInit) for SystemInit
    startup_stm32h743xx.o(.text) refers to __main.o(!!!main) for __main
    startup_stm32h743xx.o(.text) refers to startup_stm32h743xx.o(HEAP) for Heap_Mem
    startup_stm32h743xx.o(.text) refers to startup_stm32h743xx.o(STACK) for Stack_Mem
    main.o(.text.main) refers to stm32h7xx_hal_cortex.o(.text.HAL_MPU_Disable) for HAL_MPU_Disable
    main.o(.text.main) refers to stm32h7xx_hal_cortex.o(.text.HAL_MPU_ConfigRegion) for HAL_MPU_ConfigRegion
    main.o(.text.main) refers to stm32h7xx_hal_cortex.o(.text.HAL_MPU_Enable) for HAL_MPU_Enable
    main.o(.text.main) refers to stm32h7xx_hal.o(.text.HAL_Init) for HAL_Init
    main.o(.text.main) refers to main.o(.text.SystemClock_Config) for SystemClock_Config
    main.o(.text.main) refers to gpio.o(.text.MX_GPIO_Init) for MX_GPIO_Init
    main.o(.text.main) refers to fdcan.o(.text.MX_FDCAN1_Init) for MX_FDCAN1_Init
    main.o(.text.main) refers to fdcan.o(.text.MX_FDCAN2_Init) for MX_FDCAN2_Init
    main.o(.text.main) refers to spi.o(.text.MX_SPI1_Init) for MX_SPI1_Init
    main.o(.text.main) refers to test.o(.text.ChassisInit) for ChassisInit
    main.o(.text.main) refers to usb.o(.text.USB_Init) for USB_Init
    main.o(.text.main) refers to cmsis_os2.o(.text.osKernelInitialize) for osKernelInitialize
    main.o(.text.main) refers to freertos.o(.text.MX_FREERTOS_Init) for MX_FREERTOS_Init
    main.o(.text.main) refers to cmsis_os2.o(.text.osKernelStart) for osKernelStart
    main.o(.ARM.exidx.text.main) refers to main.o(.text.main) for [Anonymous Symbol]
    main.o(.text.SystemClock_Config) refers to rt_memclr_w.o(.text) for __aeabi_memclr4
    main.o(.text.SystemClock_Config) refers to stm32h7xx_hal_pwr_ex.o(.text.HAL_PWREx_ConfigSupply) for HAL_PWREx_ConfigSupply
    main.o(.text.SystemClock_Config) refers to stm32h7xx_hal_rcc.o(.text.HAL_RCC_OscConfig) for HAL_RCC_OscConfig
    main.o(.text.SystemClock_Config) refers to stm32h7xx_hal_rcc.o(.text.HAL_RCC_ClockConfig) for HAL_RCC_ClockConfig
    main.o(.ARM.exidx.text.SystemClock_Config) refers to main.o(.text.SystemClock_Config) for [Anonymous Symbol]
    main.o(.ARM.exidx.text.Error_Handler) refers to main.o(.text.Error_Handler) for [Anonymous Symbol]
    main.o(.text.HAL_TIM_PeriodElapsedCallback) refers to stm32h7xx_hal.o(.text.HAL_IncTick) for HAL_IncTick
    main.o(.ARM.exidx.text.HAL_TIM_PeriodElapsedCallback) refers to main.o(.text.HAL_TIM_PeriodElapsedCallback) for [Anonymous Symbol]
[...]
    HAL_TIM_PeriodElapsedCallback            0x08005011   Thumb Code    20  main.o(.text.HAL_TIM_PeriodElapsedCallback)
    HAL_TIM_TriggerCallback                  0x08005025   Thumb Code     2  stm32h7xx_hal_tim.o(.text.HAL_TIM_TriggerCallback)
    HardFault_Handler                        0x08005027   Thumb Code     2  stm32h7xx_it.o(.text.HardFault_Handler)
    MX_FDCAN1_Init                           0x0800505d   Thumb Code   116  fdcan.o(.text.MX_FDCAN1_Init)
    MX_FDCAN2_Init                           0x080050d1   Thumb Code   120  fdcan.o(.text.MX_FDCAN2_Init)
    MX_FREERTOS_Init                         0x08005149   Thumb Code    72  freertos.o(.text.MX_FREERTOS_Init)
    MX_GPIO_Init                             0x08005191   Thumb Code   204  gpio.o(.text.MX_GPIO_Init)
    MX_SPI1_Init                             0x0800525d   Thumb Code    80  spi.o(.text.MX_SPI1_Init)
    MX_USB_DEVICE_Init                       0x080052ad   Thumb Code    84  usb_device.o(.text.MX_USB_DEVICE_Init)
    MemManage_Handler                        0x08005301   Thumb Code     2  stm32h7xx_it.o(.text.MemManage_Handler)
    NMI_Handler                              0x08005303   Thumb Code     2  stm32h7xx_it.o(.text.NMI_Handler)
    OTG_FS_IRQHandler                        0x08005305   Thumb Code    12  stm32h7xx_it.o(.text.OTG_FS_IRQHandler)
    PIDCalculate                             0x08005311   Thumb Code   772  controller.o(.text.PIDCalculate)
    PIDInit                                  0x08005615   Thumb Code    50  controller.o(.text.PIDInit)
    PendSV_Handler                           0x08005651   Thumb Code   100  port.o(.text.PendSV_Handler)
    SVC_Handler                              0x080058d1   Thumb Code    36  port.o(.text.SVC_Handler)
    SysTick_Handler                          0x080058f5   Thumb Code    28  cmsis_os2.o(.text.SysTick_Handler)
    SystemClock_Config                       0x08005911   Thumb Code   188  main.o(.text.SystemClock_Config)
    SystemInit                               0x080059cd   Thumb Code   216  system_stm32h7xx.o(.text.SystemInit)
    TIM7_IRQHandler                          0x08005aa5   Thumb Code    12  stm32h7xx_it.o(.text.TIM7_IRQHandler)
    TIM_Base_SetConfig                       0x08005ab1   Thumb Code   212  stm32h7xx_hal_tim.o(.text.TIM_Base_SetConfig)
    USBD_CDC_GetDeviceQualifierDescriptor    0x08005cc9   Thumb Code    12  usbd_cdc.o(.text.USBD_CDC_GetDeviceQualifierDescriptor)
    USBD_CDC_ReceivePacket                   0x08005e7b   Thumb Code    50  usbd_cdc.o(.text.USBD_CDC_ReceivePacket)
    USBD_CDC_RegisterInterface               0x08005ead   Thumb Code    24  usbd_cdc.o(.text.USBD_CDC_RegisterInterface)
    USBD_CDC_SetRxBuffer                     0x08005ec5   Thumb Code    28  usbd_cdc.o(.text.USBD_CDC_SetRxBuffer)
    USBD_CDC_SetTxBuffer                     0x08005ee1   Thumb Code    32  usbd_cdc.o(.text.USBD_CDC_SetTxBuffer)
    USBD_CDC_TransmitPacket                  0x08005fc7   Thumb Code    58  usbd_cdc.o(.text.USBD_CDC_TransmitPacket)
    USBD_ClrClassConfig                      0x08006001   Thumb Code    18  usbd_core.o(.text.USBD_ClrClassConfig)
    USBD_CoreFindEP                          0x08006013   Thumb Code     4  usbd_core.o(.text.USBD_CoreFindEP)
    USBD_CoreFindIF                          0x08006017   Thumb Code     4  usbd_core.o(.text.USBD_CoreFindIF)
    USBD_CtlContinueRx                       0x0800601b   Thumb Code    16  usbd_ioreq.o(.text.USBD_CtlContinueRx)
    USBD_CtlContinueSendData                 0x0800602b   Thumb Code    16  usbd_ioreq.o(.text.USBD_CtlContinueSendData)
    USBD_CtlError                            0x0800603b   Thumb Code    22  usbd_ctlreq.o(.text.USBD_CtlError)
    USBD_CtlPrepareRx                        0x08006051   Thumb Code    26  usbd_ioreq.o(.text.USBD_CtlPrepareRx)
    USBD_CtlReceiveStatus                    0x0800606b   Thumb Code    22  usbd_ioreq.o(.text.USBD_CtlReceiveStatus)
    USBD_CtlSendData                         0x08006081   Thumb Code    26  usbd_ioreq.o(.text.USBD_CtlSendData)
    USBD_CtlSendStatus                       0x0800609b   Thumb Code    22  usbd_ioreq.o(.text.USBD_CtlSendStatus)
    USBD_FS_ConfigStrDescriptor              0x080060b1   Thumb Code    36  usbd_desc.o(.text.USBD_FS_ConfigStrDescriptor)
    USBD_FS_DeviceDescriptor                 0x080060d5   Thumb Code    12  usbd_desc.o(.text.USBD_FS_DeviceDescriptor)
    USBD_FS_InterfaceStrDescriptor           0x080060e1   Thumb Code    40  usbd_desc.o(.text.USBD_FS_InterfaceStrDescriptor)
    USBD_FS_LangIDStrDescriptor              0x08006109   Thumb Code    12  usbd_desc.o(.text.USBD_FS_LangIDStrDescriptor)
    USBD_FS_ManufacturerStrDescriptor        0x08006115   Thumb Code    44  usbd_desc.o(.text.USBD_FS_ManufacturerStrDescriptor)
    USBD_FS_ProductStrDescriptor             0x08006141   Thumb Code    48  usbd_desc.o(.text.USBD_FS_ProductStrDescriptor)
    USBD_FS_SerialStrDescriptor              0x08006171   Thumb Code    56  usbd_desc.o(.text.USBD_FS_SerialStrDescriptor)
    USBD_GetEpDesc                           0x080061a9   Thumb Code    42  usbd_core.o(.text.USBD_GetEpDesc)
    USBD_GetString                           0x080061d3   Thumb Code   132  usbd_ctlreq.o(.text.USBD_GetString)
    USBD_Init                                0x08006257   Thumb Code    40  usbd_core.o(.text.USBD_Init)
    USBD_LL_ClearStallEP                     0x08006281   Thumb Code    36  usbd_conf.o(.text.USBD_LL_ClearStallEP)
    USBD_LL_CloseEP                          0x080062a1   Thumb Code    36  usbd_conf.o(.text.USBD_LL_CloseEP)
    USBD_LL_DataInStage                      0x080062c1   Thumb Code   176  usbd_core.o(.text.USBD_LL_DataInStage)
    USBD_LL_DataOutStage                     0x08006371   Thumb Code   124  usbd_core.o(.text.USBD_LL_DataOutStage)
    USBD_LL_DevConnected                     0x080063ed   Thumb Code     4  usbd_core.o(.text.USBD_LL_DevConnected)
    USBD_LL_DevDisconnected                  0x080063f1   Thumb Code    32  usbd_core.o(.text.USBD_LL_DevDisconnected)
    USBD_LL_GetRxDataSize                    0x08006411   Thumb Code     8  usbd_conf.o(.text.USBD_LL_GetRxDataSize)
    USBD_LL_Init                             0x08006419   Thumb Code   100  usbd_conf.o(.text.USBD_LL_Init)
    USBD_LL_IsStallEP                        0x0800647d   Thumb Code    34  usbd_conf.o(.text.USBD_LL_IsStallEP)
    USBD_LL_IsoINIncomplete                  0x0800649f   Thumb Code    48  usbd_core.o(.text.USBD_LL_IsoINIncomplete)
    USBD_LL_IsoOUTIncomplete                 0x080064cf   Thumb Code    48  usbd_core.o(.text.USBD_LL_IsoOUTIncomplete)
    USBD_LL_OpenEP                           0x08006501   Thumb Code    40  usbd_conf.o(.text.USBD_LL_OpenEP)
    USBD_LL_PrepareReceive                   0x08006525   Thumb Code    36  usbd_conf.o(.text.USBD_LL_PrepareReceive)
    USBD_LL_Reset                            0x08006545   Thumb Code    98  usbd_core.o(.text.USBD_LL_Reset)
    USBD_LL_Resume                           0x080065a7   Thumb Code    20  usbd_core.o(.text.USBD_LL_Resume)
    USBD_LL_SOF                              0x080065bb   Thumb Code    30  usbd_core.o(.text.USBD_LL_SOF)
    USBD_LL_SetSpeed                         0x080065d9   Thumb Code     6  usbd_core.o(.text.USBD_LL_SetSpeed)
    USBD_LL_SetUSBAddress                    0x080065e1   Thumb Code    36  usbd_conf.o(.text.USBD_LL_SetUSBAddress)
    USBD_LL_SetupStage                       0x08006605   Thumb Code    96  usbd_core.o(.text.USBD_LL_SetupStage)
    USBD_LL_StallEP                          0x08006665   Thumb Code    36  usbd_conf.o(.text.USBD_LL_StallEP)
    USBD_LL_Start                            0x08006689   Thumb Code    36  usbd_conf.o(.text.USBD_LL_Start)
    USBD_LL_Suspend                          0x080066a9   Thumb Code    26  usbd_core.o(.text.USBD_LL_Suspend)
    USBD_LL_Transmit                         0x080066c5   Thumb Code    36  usbd_conf.o(.text.USBD_LL_Transmit)
    USBD_ParseSetupRequest                   0x080066e9   Thumb Code    40  usbd_ctlreq.o(.text.USBD_ParseSetupRequest)
    USBD_RegisterClass                       0x08006711   Thumb Code    66  usbd_core.o(.text.USBD_RegisterClass)
    USBD_SetClassConfig                      0x08006753   Thumb Code    14  usbd_core.o(.text.USBD_SetClassConfig)
    USBD_Start                               0x08006761   Thumb Code     4  usbd_core.o(.text.USBD_Start)
    USBD_StdDevReq                           0x08006765   Thumb Code   740  usbd_ctlreq.o(.text.USBD_StdDevReq)
    USBD_StdEPReq                            0x08006a49   Thumb Code   338  usbd_ctlreq.o(.text.USBD_StdEPReq)
    USBD_StdItfReq                           0x08006b9b   Thumb Code   116  usbd_ctlreq.o(.text.USBD_StdItfReq)
    USBD_static_free                         0x08006c0f   Thumb Code     2  usbd_conf.o(.text.USBD_static_free)
    USBD_static_malloc                       0x08006c11   Thumb Code     8  usbd_conf.o(.text.USBD_static_malloc)
    USB_ActivateEndpoint                     0x08006c19   Thumb Code   124  stm32h7xx_ll_usb.o(.text.USB_ActivateEndpoint)
    USB_ActivateSetup                        0x08006c95   Thumb Code    30  stm32h7xx_ll_usb.o(.text.USB_ActivateSetup)
    USB_CoreInit                             0x08006cb5   Thumb Code   152  stm32h7xx_ll_usb.o(.text.USB_CoreInit)
    USB_DeactivateEndpoint                   0x08006d99   Thumb Code   132  stm32h7xx_ll_usb.o(.text.USB_DeactivateEndpoint)
    USB_DevConnect                           0x08006e1d   Thumb Code    28  stm32h7xx_ll_usb.o(.text.USB_DevConnect)
    USB_DevDisconnect                        0x08006e39   Thumb Code    28  stm32h7xx_ll_usb.o(.text.USB_DevDisconnect)
    USB_DevInit                              0x08006e55   Thumb Code   408  stm32h7xx_ll_usb.o(.text.USB_DevInit)
    USB_DisableGlobalInt                     0x08006fed   Thumb Code    12  stm32h7xx_ll_usb.o(.text.USB_DisableGlobalInt)
    USB_EP0_OutStart                         0x08006ff9   Thumb Code    88  stm32h7xx_ll_usb.o(.text.USB_EP0_OutStart)
    USB_EPClearStall                         0x08007051   Thumb Code    50  stm32h7xx_ll_usb.o(.text.USB_EPClearStall)
    USB_EPSetStall                           0x08007083   Thumb Code    56  stm32h7xx_ll_usb.o(.text.USB_EPSetStall)
    USB_EPStartXfer                          0x080070bd   Thumb Code   428  stm32h7xx_ll_usb.o(.text.USB_EPStartXfer)
    USB_EPStopXfer                           0x08007269   Thumb Code   132  stm32h7xx_ll_usb.o(.text.USB_EPStopXfer)
    USB_EnableGlobalInt                      0x080072ed   Thumb Code    12  stm32h7xx_ll_usb.o(.text.USB_EnableGlobalInt)
    USB_FlushRxFifo                          0x080072f9   Thumb Code    70  stm32h7xx_ll_usb.o(.text.USB_FlushRxFifo)
    USB_FlushTxFifo                          0x0800733f   Thumb Code    74  stm32h7xx_ll_usb.o(.text.USB_FlushTxFifo)
    USB_GetDevSpeed                          0x08007389   Thumb Code    30  stm32h7xx_ll_usb.o(.text.USB_GetDevSpeed)
    USB_GetMode                              0x080073a7   Thumb Code     8  stm32h7xx_ll_usb.o(.text.USB_GetMode)
    USB_Init                                 0x080073b1   Thumb Code    84  usb.o(.text.USB_Init)
    USB_ProcessTask                          0x080073f9   Thumb Code    30  usb.o(.text.USB_ProcessTask)
    USB_ReadDevAllInEpInterrupt              0x08007417   Thumb Code    14  stm32h7xx_ll_usb.o(.text.USB_ReadDevAllInEpInterrupt)
    USB_ReadDevAllOutEpInterrupt             0x08007425   Thumb Code    14  stm32h7xx_ll_usb.o(.text.USB_ReadDevAllOutEpInterrupt)
    USB_ReadDevInEPInterrupt                 0x08007433   Thumb Code    36  stm32h7xx_ll_usb.o(.text.USB_ReadDevInEPInterrupt)
    USB_ReadDevOutEPInterrupt                0x08007457   Thumb Code    16  stm32h7xx_ll_usb.o(.text.USB_ReadDevOutEPInterrupt)
    USB_ReadInterrupts                       0x08007467   Thumb Code     8  stm32h7xx_ll_usb.o(.text.USB_ReadInterrupts)
    USB_ReadPacket                           0x0800746f   Thumb Code    88  stm32h7xx_ll_usb.o(.text.USB_ReadPacket)
    USB_ReadRingBuffer                       0x080074c9   Thumb Code    64  usb.o(.text.USB_ReadRingBuffer)
    USB_RxHandler                            0x08007501   Thumb Code    80  usb.o(.text.USB_RxHandler)
    USB_SetCurrentMode                       0x08007551   Thumb Code    98  stm32h7xx_ll_usb.o(.text.USB_SetCurrentMode)
    USB_SetDevAddress                        0x080075b3   Thumb Code    34  stm32h7xx_ll_usb.o(.text.USB_SetDevAddress)
    USB_SetTurnaroundTime                    0x080075d5   Thumb Code   240  stm32h7xx_ll_usb.o(.text.USB_SetTurnaroundTime)
    USB_Transmit                             0x080076c5   Thumb Code   128  usb.o(.text.USB_Transmit)
    USB_WritePacket                          0x08007745   Thumb Code    42  stm32h7xx_ll_usb.o(.text.USB_WritePacket)
    UsageFault_Handler                       0x0800776f   Thumb Code     2  stm32h7xx_it.o(.text.UsageFault_Handler)
    Usb_Task                                 0x08007771   Thumb Code    14  freertos.o(.text.Usb_Task)
    main                                     0x08007781   Thumb Code   240  main.o(.text.main)
    on_receive_CmdVel                        0x08007871   Thumb Code    40  usb.o(.text.on_receive_CmdVel)
    on_receive_GenericStatusRx               0x08007895   Thumb Code     2  protocol.o(.text.on_receive_GenericStatusRx)
    on_receive_GenericStatusTx               0x08007897   Thumb Code     2  protocol.o(.text.on_receive_GenericStatusTx)
    on_receive_GridAttackGoal                0x08007899   Thumb Code     2  protocol.o(.text.on_receive_GridAttackGoal)
    on_receive_GridPlaceGoal                 0x0800789b   Thumb Code     2  protocol.o(.text.on_receive_GridPlaceGoal)
    on_receive_GripperControlGoal            0x0800789d   Thumb Code     2  protocol.o(.text.on_receive_GripperControlGoal)
    on_receive_Handshake                     0x0800789f   Thumb Code     4  usb.o(.text.on_receive_Handshake)
    on_receive_Heartbeat                     0x080078a5   Thumb Code    28  usb.o(.text.on_receive_Heartbeat)
    on_receive_MerlinPickGoal                0x080078c1   Thumb Code     2  protocol.o(.text.on_receive_MerlinPickGoal)
    on_receive_MlControlTx                   0x080078c3   Thumb Code     2  protocol.o(.text.on_receive_MlControlTx)
    on_receive_WeaponDockGoal                0x080078c5   Thumb Code     2  protocol.o(.text.on_receive_WeaponDockGoal)
    osDelay                                  0x080078c7   Thumb Code    28  cmsis_os2.o(.text.osDelay)
    osKernelInitialize                       0x080078e5   Thumb Code    36  cmsis_os2.o(.text.osKernelInitialize)
    osKernelStart                            0x08007905   Thumb Code    56  cmsis_os2.o(.text.osKernelStart)
    osThreadNew                              0x0800793d   Thumb Code   144  cmsis_os2.o(.text.osThreadNew)
    protocol_fsm_feed                        0x080079cd   Thumb Code   348  protocol.o(.text.protocol_fsm_feed)
    pvPortMalloc                             0x080082a9   Thumb Code   336  heap_4.o(.text.pvPortMalloc)
    pxPortInitialiseStack                    0x080083f9   Thumb Code    40  port.o(.text.pxPortInitialiseStack)
    send_CmdVel                              0x08008421   Thumb Code    68  protocol.o(.text.send_CmdVel)
    send_Handshake                           0x08008461   Thumb Code    68  protocol.o(.text.send_Handshake)
    send_Heartbeat                           0x080084a1   Thumb Code    68  protocol.o(.text.send_Heartbeat)
    serial_write                             0x080084e5   Thumb Code    16  usb.o(.text.serial_write)
    uxListRemove                             0x080084f5   Thumb Code    34  list.o(.text.uxListRemove)
    vApplicationGetIdleTaskMemory            0x08008519   Thumb Code    24  cmsis_os2.o(.text.vApplicationGetIdleTaskMemory)
    vApplicationGetTimerTaskMemory           0x08008531   Thumb Code    24  cmsis_os2.o(.text.vApplicationGetTimerTaskMemory)
    vListInitialise                          0x08008549   Thumb Code    22  list.o(.text.vListInitialise)
    vListInitialiseItem                      0x0800855f   Thumb Code     6  list.o(.text.vListInitialiseItem)
    vListInsert                              0x08008565   Thumb Code    60  list.o(.text.vListInsert)
    vListInsertEnd                           0x080085a1   Thumb Code    24  list.o(.text.vListInsertEnd)
    vPortEnterCritical                       0x080085cd   Thumb Code    76  port.o(.text.vPortEnterCritical)
    vPortExitCritical                        0x08008611   Thumb Code    48  port.o(.text.vPortExitCritical)
    vPortFree                                0x08008641   Thumb Code   132  heap_4.o(.text.vPortFree)
    vPortSetupTimerInterrupt                 0x080086c5   Thumb Code    40  port.o(.text.vPortSetupTimerInterrupt)
    vPortValidateInterruptPriority           0x080086ed   Thumb Code    96  port.o(.text.vPortValidateInterruptPriority)
    vQueueAddToRegistry                      0x08008749   Thumb Code    40  queue.o(.text.vQueueAddToRegistry)
    vQueueWaitForMessageRestricted           0x08008771   Thumb Code    70  queue.o(.text.vQueueWaitForMessageRestricted)
    vTaskDelay                               0x080087b9   Thumb Code    84  tasks.o(.text.vTaskDelay)
    vTaskInternalSetTimeOutState             0x08008809   Thumb Code    16  tasks.o(.text.vTaskInternalSetTimeOutState)
    vTaskMissedYield                         0x08008815   Thumb Code    12  tasks.o(.text.vTaskMissedYield)
    vTaskPlaceOnEventList                    0x0800881d   Thumb Code    56  tasks.o(.text.vTaskPlaceOnEventList)
    vTaskPlaceOnEventListRestricted          0x08008851   Thumb Code    64  tasks.o(.text.vTaskPlaceOnEventListRestricted)
    vTaskStartScheduler                      0x0800888d   Thumb Code   144  tasks.o(.text.vTaskStartScheduler)
    vTaskSuspendAll                          0x08008919   Thumb Code    16  tasks.o(.text.vTaskSuspendAll)
    vTaskSwitchContext                       0x08008925   Thumb Code   112  tasks.o(.text.vTaskSwitchContext)
    xPortStartScheduler                      0x08008995   Thumb Code   180  port.o(.text.xPortStartScheduler)
    xPortSysTickHandler                      0x08008a49   Thumb Code    48  port.o(.text.xPortSysTickHandler)
    xQueueGenericCreateStatic                0x08008a75   Thumb Code   158  queue.o(.text.xQueueGenericCreateStatic)
    xQueueGenericReset                       0x08008b15   Thumb Code   136  queue.o(.text.xQueueGenericReset)
    xQueueGenericSend                        0x08008b9d   Thumb Code   412  queue.o(.text.xQueueGenericSend)
    xQueueGenericSendFromISR                 0x08008d39   Thumb Code   218  queue.o(.text.xQueueGenericSendFromISR)
    xQueueReceive                            0x08008e15   Thumb Code   352  queue.o(.text.xQueueReceive)
    xTaskCheckForTimeOut                     0x08008f75   Thumb Code   136  tasks.o(.text.xTaskCheckForTimeOut)
    xTaskCreate                              0x08008ff9   Thumb Code    88  tasks.o(.text.xTaskCreate)
    xTaskCreateStatic                        0x08009051   Thumb Code   126  tasks.o(.text.xTaskCreateStatic)
    xTaskGetSchedulerState                   0x080090d1   Thumb Code    28  tasks.o(.text.xTaskGetSchedulerState)
    xTaskGetTickCount                        0x080090e9   Thumb Code    12  tasks.o(.text.xTaskGetTickCount)
    xTaskIncrementTick                       0x080090f1   Thumb Code   232  tasks.o(.text.xTaskIncrementTick)
    xTaskPriorityDisinherit                  0x080091cd   Thumb Code   148  tasks.o(.text.xTaskPriorityDisinherit)
    xTaskRemoveFromEventList                 0x08009255   Thumb Code   128  tasks.o(.text.xTaskRemoveFromEventList)
    xTaskResumeAll                           0x080092c9   Thumb Code   216  tasks.o(.text.xTaskResumeAll)
    xTimerCreateTimerTask                    0x080093a1   Thumb Code   104  timers.o(.text.xTimerCreateTimerTask)
    xTimerGenericCommand                     0x08009409   Thumb Code   100  timers.o(.text.xTimerGenericCommand)
    __hardfp__fabsf                          0x0800946d   Thumb Code    14  fabsf.o(i.__hardfp__fabsf)
    __hardfp_fmodf                           0x0800947b   Thumb Code   176  fmodf.o(i.__hardfp_fmodf)
    __mathlib_flt_invalid                    0x0800952d   Thumb Code    10  funder.o(i.__mathlib_flt_invalid)
    __fpl_fnaninf                            0x0800953d   Thumb Code   140  fnaninf.o(x$fpl$fnaninf)
    _fp_init                                 0x080095c9   Thumb Code    10  fpinit.o(x$fpl$fpinit)
    __fplib_config_fpu_vfp                   0x080095d1   Thumb Code     0  fpinit.o(x$fpl$fpinit)
    __fplib_config_pureend_doubles           0x080095d1   Thumb Code     0  fpinit.o(x$fpl$fpinit)
    _frem                                    0x080095d5   Thumb Code   240  frem_clz.o(x$fpl$frem)
    __I$use$fp                               0x080096c8   Number         0  usenofp.o(x$fpl$usenofp)
    Chassis_Task_attributes                  0x08009884   Data          36  freertos.o(.rodata.Chassis_Task_attributes)
    D1CorePrescTable                         0x080098a8   Data          16  system_stm32h7xx.o(.rodata.D1CorePrescTable)
    DJIMotor_Task_attributes                 0x080098b8   Data          36  freertos.o(.rodata.DJIMotor_Task_attributes)
    usb_Task_attributes                      0x0800998c   Data          36  freertos.o(.rodata.usb_Task_attributes)
    Region$$Table$$Base                      0x080099b0   Number         0  anon$$obj.o(Region$$Table)
    Region$$Table$$Limit                     0x080099d0   Number         0  anon$$obj.o(Region$$Table)
    SystemCoreClock                          0x24000000   Data           4  system_stm32h7xx.o(.data..L_MergedGlobals)
    SystemD2Clock                            0x24000004   Data           4  system_stm32h7xx.o(.data..L_MergedGlobals)
    g_fdcan1_debug                           0x24000020   Data          92  bsp_fdcan.o(.data..L_MergedGlobals)
    uwTickFreq                               0x2400007c   Data           1  stm32h7xx_hal.o(.data..L_MergedGlobals)
    uwTickPrio                               0x24000080   Data           4  stm32h7xx_hal.o(.data..L_MergedGlobals)
    uwTick                                   0x24000084   Data           4  stm32h7xx_hal.o(.data..L_MergedGlobals)
    FS_Desc                                  0x24000088   Data          32  usbd_desc.o(.data.FS_Desc)
    USBD_CDC                                 0x240000a8   Data          56  usbd_cdc.o(.data.USBD_CDC)
    USBD_FS_DeviceDesc                       0x24000130   Data          18  usbd_desc.o(.data.USBD_FS_DeviceDesc)
    USBD_Interface_fops_FS                   0x24000144   Data          20  usbd_cdc_if.o(.data.USBD_Interface_fops_FS)
    USBD_LangIDDesc                          0x24000158   Data           4  usbd_desc.o(.data.USBD_LangIDDesc)
    USBD_StringSerial                        0x2400015c   Data          26  usbd_desc.o(.data.USBD_StringSerial)
    __libspace_start                         0x24000180   Data          96  libspace.o(.bss)
    Chassis_TaskHandle                       0x240001e0   Data           4  freertos.o(.bss..L_MergedGlobals)
    __temporary_stack_top$libspace           0x240001e0   Data           0  libspace.o(.bss)
    DJIMotor_TaskHandle                      0x240001e4   Data           4  freertos.o(.bss..L_MergedGlobals)
    usb_TaskHandle                           0x240001e8   Data           4  freertos.o(.bss..L_MergedGlobals)
    usb_last_recv_time                       0x24000280   Data           4  usb.o(.bss..L_MergedGlobals)
    usb_chassis_cmd                          0x24000284   Data          12  usb.o(.bss..L_MergedGlobals)
    g_fdcan2_debug                           0x24000380   Data          92  bsp_fdcan.o(.bss..L_MergedGlobals.1)
    USBD_StrDesc                             0x240004d0   Data         512  usbd_desc.o(.bss.USBD_StrDesc)
    UserRxBufferFS                           0x240008f0   Data        2048  usbd_cdc_if.o(.bss.UserRxBufferFS)
    UserTxBufferFS                           0x240010f0   Data        2048  usbd_cdc_if.o(.bss.UserTxBufferFS)
    g_dji_motor_debug                        0x24005974   Data         112  dji_motor.o(.bss.g_dji_motor_debug)
    hUsbDeviceFS                             0x240059e4   Data         732  usb_device.o(.bss.hUsbDeviceFS)
    hfdcan1                                  0x24005cc0   Data         160  fdcan.o(.bss.hfdcan1)
    hfdcan2                                  0x24005d60   Data         160  fdcan.o(.bss.hfdcan2)
    hpcd_USB_OTG_FS                          0x24005e00   Data        1252  usbd_conf.o(.bss.hpcd_USB_OTG_FS)
    hspi1                                    0x240062e4   Data         136  spi.o(.bss.hspi1)
    htim7                                    0x2400636c   Data          76  stm32h7xx_hal_timebase_tim.o(.bss.htim7)
    pxCurrentTCB                             0x24006460   Data           4  tasks.o(.bss.pxCurrentTCB)
    xQueueRegistry                           0x2400f880   Data          64  queue.o(.bss.xQueueRegistry)
    usb_rx_buffer                            0x30040000   Data        2048  usb.o(.ARM.__at_0x30040000)
    usb_tx_buffer                            0x30040800   Data        2048  usb.o(.ARM.__at_0x30040800)



==============================================================================

Memory Map of the image

  Image Entry point : 0x08000299

  Load Region LR_IROM1 (Base: 0x08000000, Size: 0x00009b50, Max: 0x00200000, ABSOLUTE, COMPRESSED[0x00009ab0])

    Execution Region ER_IROM1 (Exec base: 0x08000000, Load base: 0x08000000, Size: 0x000099d0, Max: 0x00200000, ABSOLUTE)

    Exec Addr    Load Addr    Size         Type   Attr      Idx    E Section Name        Object

    0x08000000   0x08000000   0x00000298   Data   RO            3    RESET               startup_stm32h743xx.o
    0x08000298   0x08000298   0x00000008   Code   RO         3293  * !!!main             c_w.l(__main.o)
    0x080002a0   0x080002a0   0x00000034   Code   RO         3556    !!!scatter          c_w.l(__scatter.o)
    0x080002d4   0x080002d4   0x0000003a   Code   RO         3554    !!dczerorl          c_w.l(__dczerorl.o)
    0x0800030e   0x0800030e   0x00000002   PAD
    0x08000310   0x08000310   0x0000001c   Code   RO         3558    !!handler_zi        c_w.l(__scatter_zi.o)
    0x0800032c   0x0800032c   0x00000002   Code   RO         3489    .ARM.Collect$$libinit$$00000000  c_w.l(libinit.o)
    0x0800032e   0x0800032e   0x00000004   Code   RO         3349    .ARM.Collect$$libinit$$00000001  c_w.l(libinit2.o)
    0x08000332   0x08000332   0x00000000   Code   RO         3352    .ARM.Collect$$libinit$$00000004  c_w.l(libinit2.o)
    0x08000332   0x08000332   0x00000008   Code   RO         3353    .ARM.Collect$$libinit$$00000005  c_w.l(libinit2.o)
    0x0800033a   0x0800033a   0x00000000   Code   RO         3355    .ARM.Collect$$libinit$$0000000A  c_w.l(libinit2.o)
    0x0800033a   0x0800033a   0x00000000   Code   RO         3357    .ARM.Collect$$libinit$$0000000C  c_w.l(libinit2.o)
    0x0800033a   0x0800033a   0x00000000   Code   RO         3359    .ARM.Collect$$libinit$$0000000E  c_w.l(libinit2.o)
    0x0800033a   0x0800033a   0x00000000   Code   RO         3362    .ARM.Collect$$libinit$$00000011  c_w.l(libinit2.o)
    0x0800033a   0x0800033a   0x00000000   Code   RO         3364    .ARM.Collect$$libinit$$00000013  c_w.l(libinit2.o)
    0x0800033a   0x0800033a   0x00000000   Code   RO         3366    .ARM.Collect$$libinit$$00000015  c_w.l(libinit2.o)
    0x0800033a   0x0800033a   0x00000000   Code   RO         3368    .ARM.Collect$$libinit$$00000017  c_w.l(libinit2.o)
    0x0800033a   0x0800033a   0x00000000   Code   RO         3370    .ARM.Collect$$libinit$$00000019  c_w.l(libinit2.o)
    0x0800033a   0x0800033a   0x00000000   Code   RO         3372    .ARM.Collect$$libinit$$0000001B  c_w.l(libinit2.o)
    0x0800033a   0x0800033a   0x00000000   Code   RO         3374    .ARM.Collect$$libinit$$0000001D  c_w.l(libinit2.o)
    0x0800033a   0x0800033a   0x00000000   Code   RO         3376    .ARM.Collect$$libinit$$0000001F  c_w.l(libinit2.o)
    0x0800033a   0x0800033a   0x00000000   Code   RO         3378    .ARM.Collect$$libinit$$00000021  c_w.l(libinit2.o)
    0x0800033a   0x0800033a   0x00000000   Code   RO         3380    .ARM.Collect$$libinit$$00000023  c_w.l(libinit2.o)
    0x0800033a   0x0800033a   0x00000000   Code   RO         3382    .ARM.Collect$$libinit$$00000025  c_w.l(libinit2.o)
    0x0800033a   0x0800033a   0x00000000   Code   RO         3386    .ARM.Collect$$libinit$$0000002C  c_w.l(libinit2.o)
    0x0800033a   0x0800033a   0x00000000   Code   RO         3388    .ARM.Collect$$libinit$$0000002E  c_w.l(libinit2.o)
    0x0800033a   0x0800033a   0x00000000   Code   RO         3390    .ARM.Collect$$libinit$$00000030  c_w.l(libinit2.o)
    0x0800033a   0x0800033a   0x00000000   Code   RO         3392    .ARM.Collect$$libinit$$00000032  c_w.l(libinit2.o)
    0x0800033a   0x0800033a   0x00000002   Code   RO         3393    .ARM.Collect$$libinit$$00000033  c_w.l(libinit2.o)
    0x0800033c   0x0800033c   0x00000002   Code   RO         3551    .ARM.Collect$$libshutdown$$00000000  c_w.l(libshutdown.o)
    0x0800033e   0x0800033e   0x00000000   Code   RO         3507    .ARM.Collect$$libshutdown$$00000002  c_w.l(libshutdown2.o)
    0x0800033e   0x0800033e   0x00000000   Code   RO         3509    .ARM.Collect$$libshutdown$$00000004  c_w.l(libshutdown2.o)
    0x0800033e   0x0800033e   0x00000000   Code   RO         3512    .ARM.Collect$$libshutdown$$00000007  c_w.l(libshutdown2.o)
    0x0800033e   0x0800033e   0x00000000   Code   RO         3515    .ARM.Collect$$libshutdown$$0000000A  c_w.l(libshutdown2.o)
    0x0800033e   0x0800033e   0x00000000   Code   RO         3517    .ARM.Collect$$libshutdown$$0000000C  c_w.l(libshutdown2.o)
    0x0800033e   0x0800033e   0x00000000   Code   RO         3520    .ARM.Collect$$libshutdown$$0000000F  c_w.l(libshutdown2.o)
    0x0800033e   0x0800033e   0x00000002   Code   RO         3521    .ARM.Collect$$libshutdown$$00000010  c_w.l(libshutdown2.o)
    0x08000340   0x08000340   0x00000000   Code   RO         3315    .ARM.Collect$$rtentry$$00000000  c_w.l(__rtentry.o)
    0x08000340   0x08000340   0x00000000   Code   RO         3419    .ARM.Collect$$rtentry$$00000002  c_w.l(__rtentry2.o)
    0x08000340   0x08000340   0x00000006   Code   RO         3431    .ARM.Collect$$rtentry$$00000004  c_w.l(__rtentry4.o)
    0x08000346   0x08000346   0x00000000   Code   RO         3421    .ARM.Collect$$rtentry$$00000009  c_w.l(__rtentry2.o)
    0x08000346   0x08000346   0x00000004   Code   RO         3422    .ARM.Collect$$rtentry$$0000000A  c_w.l(__rtentry2.o)
    0x0800034a   0x0800034a   0x00000000   Code   RO         3424    .ARM.Collect$$rtentry$$0000000C  c_w.l(__rtentry2.o)
    0x0800034a   0x0800034a   0x00000008   Code   RO         3425    .ARM.Collect$$rtentry$$0000000D  c_w.l(__rtentry2.o)
    0x08000352   0x08000352   0x00000002   Code   RO         3494    .ARM.Collect$$rtexit$$00000000  c_w.l(rtexit.o)
    0x08000354   0x08000354   0x00000000   Code   RO         3527    .ARM.Collect$$rtexit$$00000002  c_w.l(rtexit2.o)
    0x08000354   0x08000354   0x00000004   Code   RO         3528    .ARM.Collect$$rtexit$$00000003  c_w.l(rtexit2.o)
    0x08000358   0x08000358   0x00000006   Code   RO         3529    .ARM.Collect$$rtexit$$00000004  c_w.l(rtexit2.o)
    0x0800035e   0x0800035e   0x00000002   PAD
    0x08000360   0x08000360   0x00000048   Code   RO            4    .text               startup_stm32h743xx.o
    0x080003a8   0x080003a8   0x0000005e   Code   RO         3217    .text               c_w.l(h1_alloc.o)
    0x08000406   0x08000406   0x0000004e   Code   RO         3219    .text               c_w.l(h1_free.o)
    0x08000454   0x08000454   0x000000ee   Code   RO         3275    .text               c_w.l(lludivv7m.o)
    0x08000542   0x08000542   0x0000008a   Code   RO         3279    .text               c_w.l(rt_memcpy_v6.o)
    0x080005cc   0x080005cc   0x00000064   Code   RO         3281    .text               c_w.l(rt_memcpy_w.o)
    0x08000630   0x08000630   0x00000010   Code   RO         3285    .text               c_w.l(aeabi_memset4.o)
    0x08000640   0x08000640   0x00000044   Code   RO         3287    .text               c_w.l(rt_memclr.o)
    0x08000684   0x08000684   0x0000004e   Code   RO         3289    .text               c_w.l(rt_memclr_w.o)
    0x080006d2   0x080006d2   0x00000006   Code   RO         3291    .text               c_w.l(heapauxi.o)
    0x080006d8   0x080006d8   0x00000008   Code   RO         3323    .text               c_w.l(rt_heap_descriptor_intlibspace.o)
    0x080006e0   0x080006e0   0x00000004   Code   RO         3325    .text               c_w.l(hguard.o)
    0x080006e4   0x080006e4   0x0000008a   Code   RO         3327    .text               c_w.l(init_alloc.o)
    0x0800076e   0x0800076e   0x0000000e   Code   RO         3331    .text               c_w.l(h1_init.o)
    0x0800077c   0x0800077c   0x00000016   Code   RO         3345    .text               c_w.l(_rserrno.o)
    0x08000792   0x08000792   0x00000002   PAD
    0x08000794   0x08000794   0x00000008   Code   RO         3415    .text               c_w.l(libspace.o)
    0x0800079c   0x0800079c   0x00000008   Code   RO         3438    .text               c_w.l(rt_errno_addr_intlibspace.o)
    0x080007a4   0x080007a4   0x00000000   Code   RO         3442    .text               c_w.l(maybetermalloc1.o)
    0x080007a4   0x080007a4   0x00000034   Code   RO         3444    .text               c_w.l(h1_extend.o)
    0x080007d8   0x080007d8   0x0000000e   Code   RO         3448    .text               c_w.l(defsig_rtmem_outer.o)
    0x080007e6   0x080007e6   0x00000002   Code   RO         3461    .text               c_w.l(use_no_semi.o)
    0x080007e8   0x080007e8   0x00000000   Code   RO         3463    .text               c_w.l(indicate_semi.o)
    0x080007e8   0x080007e8   0x0000004a   Code   RO         3464    .text               c_w.l(sys_stackheap_outer.o)
    0x08000832   0x08000832   0x00000012   Code   RO         3470    .text               c_w.l(exit.o)
    0x08000844   0x08000844   0x0000000a   Code   RO         3472    .text               c_w.l(defsig_exit.o)
    0x0800084e   0x0800084e   0x00000002   PAD
    0x08000850   0x08000850   0x00000050   Code   RO         3478    .text               c_w.l(defsig_rtmem_inner.o)
    0x080008a0   0x080008a0   0x0000000c   Code   RO         3490    .text               c_w.l(sys_exit.o)
    0x080008ac   0x080008ac   0x00000032   Code   RO         3502    .text               c_w.l(defsig_general.o)
    0x080008de   0x080008de   0x0000000e   Code   RO         3522    .text               c_w.l(sys_wrch.o)
    0x080008ec   0x080008ec   0x00000002   Code   RO          114    .text.BusFault_Handler  stm32h7xx_it.o
    0x080008ee   0x080008ee   0x00000004   Code   RO         1184    .text.CDC_Control_FS  usbd_cdc_if.o
    0x080008f2   0x080008f2   0x00000004   Code   RO         1182    .text.CDC_DeInit_FS  usbd_cdc_if.o
    0x080008f6   0x080008f6   0x00000002   PAD
    0x080008f8   0x080008f8   0x0000003c   Code   RO         1180    .text.CDC_Init_FS   usbd_cdc_if.o
    0x08000934   0x08000934   0x00000020   Code   RO         1186    .text.CDC_Receive_FS  usbd_cdc_if.o
    0x08000954   0x08000954   0x00000004   Code   RO         1188    .text.CDC_TransmitCplt_FS  usbd_cdc_if.o
    0x08000958   0x08000958   0x0000002c   Code   RO         1190    .text.CDC_Transmit_FS  usbd_cdc_if.o
    0x08000984   0x08000984   0x00000012   Code   RO           46    .text.ChassisControl  freertos.o
    0x08000996   0x08000996   0x00000002   PAD
    0x08000998   0x08000998   0x00000034   Code   RO          471    .text.ChassisInit   test.o
    0x080009cc   0x080009cc   0x00000002   Code   RO          473    .text.ChassisTask   test.o
    0x080009ce   0x080009ce   0x00000014   Code   RO          317    .text.DJICopy8      dji_motor.o
    0x080009e2   0x080009e2   0x0000000e   Code   RO           48    .text.DJIMotor      freertos.o
    0x080009f0   0x080009f0   0x00000420   Code   RO          313    .text.DJIMotorControl  dji_motor.o
    0x08000e10   0x08000e10   0x000002f8   Code   RO          295    .text.DJIMotorInit  dji_motor.o
    0x08001108   0x08001108   0x00000010   Code   RO          299    .text.DJIMotorLostCallback  dji_motor.o
    0x08001118   0x08001118   0x00000030   Code   RO          315    .text.DJINormalizeAngleDeg360  dji_motor.o
    0x08001148   0x08001148   0x00000030   Code   RO          194    .text.DWT_CNT_Update  bsp_dwt.o
    0x08001178   0x08001178   0x0000003c   Code   RO          196    .text.DWT_GetDeltaT  bsp_dwt.o
    0x080011b4   0x080011b4   0x00000040   Code   RO          204    .text.DWT_GetTimeline_ms  bsp_dwt.o
    0x080011f4   0x080011f4   0x00000050   Code   RO          192    .text.DWT_Init      bsp_dwt.o
    0x08001244   0x08001244   0x00000080   Code   RO          200    .text.DWT_SysTimeUpdate  bsp_dwt.o
    0x080012c4   0x080012c4   0x00000048   Code   RO          274    .text.DaemonRegister  daemon.o
    0x0800130c   0x0800130c   0x00000006   Code   RO          276    .text.DaemonReload  daemon.o
    0x08001312   0x08001312   0x00000002   Code   RO          118    .text.DebugMon_Handler  stm32h7xx_it.o
    0x08001314   0x08001314   0x000002d0   Code   RO          297    .text.DecodeDJIMotor  dji_motor.o
    0x080015e4   0x080015e4   0x00000008   Code   RO           15    .text.Error_Handler  main.o
    0x080015ec   0x080015ec   0x00000018   Code   RO          177    .text.ExitRun0Mode  system_stm32h7xx.o
    0x08001604   0x08001604   0x00000008   Code   RO          120    .text.FDCAN1_IT0_IRQHandler  stm32h7xx_it.o
    0x0800160c   0x0800160c   0x00000008   Code   RO          124    .text.FDCAN1_IT1_IRQHandler  stm32h7xx_it.o
    0x08001614   0x08001614   0x00000008   Code   RO          122    .text.FDCAN2_IT0_IRQHandler  stm32h7xx_it.o
    0x0800161c   0x0800161c   0x00000008   Code   RO          126    .text.FDCAN2_IT1_IRQHandler  stm32h7xx_it.o
    0x08001624   0x08001624   0x00000036   Code   RO          230    .text.FDCANDebugCopy8  bsp_fdcan.o
    0x0800165a   0x0800165a   0x00000002   PAD
    0x0800165c   0x0800165c   0x000001d4   Code   RO          238    .text.FDCANFIFOxCallback  bsp_fdcan.o
    0x08001830   0x08001830   0x0000027c   Code   RO          224    .text.FDCANRegister  bsp_fdcan.o
    0x08001aac   0x08001aac   0x0000006a   Code   RO          232    .text.FDCANSetDataLength  bsp_fdcan.o
    0x08001b16   0x08001b16   0x00000002   PAD
    0x08001b18   0x08001b18   0x00000058   Code   RO          226    .text.FDCANSyncInstanceMode  bsp_fdcan.o
    0x08001b70   0x08001b70   0x00000068   Code   RO         2795    .text.FDCAN_CopyMessageToRAM  stm32h7xx_hal_fdcan.o
    0x08001bd8   0x08001bd8   0x0000002c   Code   RO         2416    .text.HAL_Delay     stm32h7xx_hal.o
    0x08001c04   0x08001c04   0x00000074   Code   RO         2873    .text.HAL_FDCAN_ActivateNotification  stm32h7xx_hal_fdcan.o
    0x08001c78   0x08001c78   0x00000068   Code   RO         2793    .text.HAL_FDCAN_AddMessageToTxFifoQ  stm32h7xx_hal_fdcan.o
    0x08001ce0   0x08001ce0   0x00000002   Code   RO         2887    .text.HAL_FDCAN_ClockCalibrationCallback  stm32h7xx_hal_fdcan.o
    0x08001ce2   0x08001ce2   0x00000086   Code   RO         2745    .text.HAL_FDCAN_ConfigFilter  stm32h7xx_hal_fdcan.o
    0x08001d68   0x08001d68   0x00000036   Code   RO         2747    .text.HAL_FDCAN_ConfigGlobalFilter  stm32h7xx_hal_fdcan.o
    0x08001d9e   0x08001d9e   0x00000002   Code   RO         2915    .text.HAL_FDCAN_ErrorCallback  stm32h7xx_hal_fdcan.o
    0x08001da0   0x08001da0   0x00000002   Code   RO         2905    .text.HAL_FDCAN_ErrorStatusCallback  stm32h7xx_hal_fdcan.o
    0x08001da2   0x08001da2   0x00000016   Code   RO         2819    .text.HAL_FDCAN_GetRxFifoFillLevel  stm32h7xx_hal_fdcan.o
    0x08001db8   0x08001db8   0x0000018c   Code   RO         2805    .text.HAL_FDCAN_GetRxMessage  stm32h7xx_hal_fdcan.o
    0x08001f44   0x08001f44   0x0000000c   Code   RO         2821    .text.HAL_FDCAN_GetTxFifoFreeLevel  stm32h7xx_hal_fdcan.o
    0x08001f50   0x08001f50   0x00000002   Code   RO         2883    .text.HAL_FDCAN_HighPriorityMessageCallback  stm32h7xx_hal_fdcan.o
    0x08001f52   0x08001f52   0x00000002   PAD
    0x08001f54   0x08001f54   0x000002b8   Code   RO         2881    .text.HAL_FDCAN_IRQHandler  stm32h7xx_hal_fdcan.o
    0x0800220c   0x0800220c   0x000003c4   Code   RO         2723    .text.HAL_FDCAN_Init  stm32h7xx_hal_fdcan.o
    0x080025d0   0x080025d0   0x00000154   Code   RO           72    .text.HAL_FDCAN_MspInit  fdcan.o
    0x08002724   0x08002724   0x00000002   Code   RO         2899    .text.HAL_FDCAN_RxBufferNewMessageCallback  stm32h7xx_hal_fdcan.o
    0x08002726   0x08002726   0x0000000c   Code   RO          236    .text.HAL_FDCAN_RxFifo0Callback  bsp_fdcan.o
    0x08002732   0x08002732   0x0000000c   Code   RO          240    .text.HAL_FDCAN_RxFifo1Callback  bsp_fdcan.o
    0x0800273e   0x0800273e   0x00000032   Code   RO         2791    .text.HAL_FDCAN_Start  stm32h7xx_hal_fdcan.o
    0x08002770   0x08002770   0x0000007c   Code   RO         2729    .text.HAL_FDCAN_Stop  stm32h7xx_hal_fdcan.o
    0x080027ec   0x080027ec   0x00000002   Code   RO         2913    .text.HAL_FDCAN_TT_GlobalTimeCallback  stm32h7xx_hal_fdcan.o
    0x080027ee   0x080027ee   0x00000002   Code   RO         2907    .text.HAL_FDCAN_TT_ScheduleSyncCallback  stm32h7xx_hal_fdcan.o
    0x080027f0   0x080027f0   0x00000002   Code   RO         2911    .text.HAL_FDCAN_TT_StopWatchCallback  stm32h7xx_hal_fdcan.o
    0x080027f2   0x080027f2   0x00000002   Code   RO         2909    .text.HAL_FDCAN_TT_TimeMarkCallback  stm32h7xx_hal_fdcan.o
    0x080027f4   0x080027f4   0x00000002   Code   RO         2903    .text.HAL_FDCAN_TimeoutOccurredCallback  stm32h7xx_hal_fdcan.o
    0x080027f6   0x080027f6   0x00000002   Code   RO         2901    .text.HAL_FDCAN_TimestampWraparoundCallback  stm32h7xx_hal_fdcan.o
    0x080027f8   0x080027f8   0x00000002   Code   RO         2885    .text.HAL_FDCAN_TxBufferAbortCallback  stm32h7xx_hal_fdcan.o
    0x080027fa   0x080027fa   0x00000002   Code   RO         2897    .text.HAL_FDCAN_TxBufferCompleteCallback  stm32h7xx_hal_fdcan.o
    0x080027fc   0x080027fc   0x00000002   Code   RO         2889    .text.HAL_FDCAN_TxEventFifoCallback  stm32h7xx_hal_fdcan.o
    0x080027fe   0x080027fe   0x00000002   Code   RO         2895    .text.HAL_FDCAN_TxFifoEmptyCallback  stm32h7xx_hal_fdcan.o
    0x08002800   0x08002800   0x00000190   Code   RO         2026    .text.HAL_GPIO_Init  stm32h7xx_hal_gpio.o
    0x08002990   0x08002990   0x0000000a   Code   RO         2032    .text.HAL_GPIO_WritePin  stm32h7xx_hal_gpio.o
    0x0800299a   0x0800299a   0x00000002   PAD
    0x0800299c   0x0800299c   0x0000000c   Code   RO         2424    .text.HAL_GetREVID  stm32h7xx_hal.o
    0x080029a8   0x080029a8   0x00000008   Code   RO         2408    .text.HAL_GetTick   stm32h7xx_hal.o
    0x080029b0   0x080029b0   0x00000010   Code   RO         2406    .text.HAL_IncTick   stm32h7xx_hal.o
    0x080029c0   0x080029c0   0x0000005c   Code   RO         2396    .text.HAL_Init      stm32h7xx_hal.o
    0x08002a1c   0x08002a1c   0x00000090   Code   RO          155    .text.HAL_InitTick  stm32h7xx_hal_timebase_tim.o
    0x08002aac   0x08002aac   0x00000054   Code   RO         2363    .text.HAL_MPU_ConfigRegion  stm32h7xx_hal_cortex.o
    0x08002b00   0x08002b00   0x00000014   Code   RO         2355    .text.HAL_MPU_Disable  stm32h7xx_hal_cortex.o
    0x08002b14   0x08002b14   0x00000020   Code   RO         2357    .text.HAL_MPU_Enable  stm32h7xx_hal_cortex.o
    0x08002b34   0x08002b34   0x00000028   Code   RO          142    .text.HAL_MspInit   stm32h7xx_hal_msp.o
    0x08002b5c   0x08002b5c   0x0000001c   Code   RO         2347    .text.HAL_NVIC_EnableIRQ  stm32h7xx_hal_cortex.o
    0x08002b78   0x08002b78   0x00000058   Code   RO         2345    .text.HAL_NVIC_SetPriority  stm32h7xx_hal_cortex.o
    0x08002bd0   0x08002bd0   0x00000020   Code   RO         2343    .text.HAL_NVIC_SetPriorityGrouping  stm32h7xx_hal_cortex.o
    0x08002bf0   0x08002bf0   0x00000028   Code   RO         1713    .text.HAL_PCDEx_ActivateLPM  stm32h7xx_hal_pcd_ex.o
    0x08002c18   0x08002c18   0x00000002   Code   RO         1725    .text.HAL_PCDEx_LPM_Callback  stm32h7xx_hal_pcd_ex.o
    0x08002c1a   0x08002c1a   0x00000008   Code   RO         1711    .text.HAL_PCDEx_SetRxFiFo  stm32h7xx_hal_pcd_ex.o
    0x08002c22   0x08002c22   0x00000050   Code   RO         1709    .text.HAL_PCDEx_SetTxFiFo  stm32h7xx_hal_pcd_ex.o
    0x08002c72   0x08002c72   0x00000008   Code   RO         1228    .text.HAL_PCD_ConnectCallback  usbd_conf.o
    0x08002c7a   0x08002c7a   0x00000012   Code   RO         1214    .text.HAL_PCD_DataInStageCallback  usbd_conf.o
    0x08002c8c   0x08002c8c   0x00000014   Code   RO         1212    .text.HAL_PCD_DataOutStageCallback  usbd_conf.o
    0x08002ca0   0x08002ca0   0x00000008   Code   RO         1230    .text.HAL_PCD_DisconnectCallback  usbd_conf.o
    0x08002ca8   0x08002ca8   0x00000022   Code   RO         1658    .text.HAL_PCD_EP_Abort  stm32h7xx_hal_pcd.o
    0x08002cca   0x08002cca   0x0000004a   Code   RO         1676    .text.HAL_PCD_EP_Close  stm32h7xx_hal_pcd.o
    0x08002d14   0x08002d14   0x00000058   Code   RO         1686    .text.HAL_PCD_EP_ClrStall  stm32h7xx_hal_pcd.o
    0x08002d6c   0x08002d6c   0x00000012   Code   RO         1680    .text.HAL_PCD_EP_GetRxCount  stm32h7xx_hal_pcd.o
    0x08002d7e   0x08002d7e   0x00000062   Code   RO         1674    .text.HAL_PCD_EP_Open  stm32h7xx_hal_pcd.o
    0x08002de0   0x08002de0   0x0000003a   Code   RO         1678    .text.HAL_PCD_EP_Receive  stm32h7xx_hal_pcd.o
    0x08002e1a   0x08002e1a   0x0000006a   Code   RO         1684    .text.HAL_PCD_EP_SetStall  stm32h7xx_hal_pcd.o
    0x08002e84   0x08002e84   0x0000003a   Code   RO         1682    .text.HAL_PCD_EP_Transmit  stm32h7xx_hal_pcd.o
    0x08002ebe   0x08002ebe   0x00000002   PAD
    0x08002ec0   0x08002ec0   0x000007a2   Code   RO         1642    .text.HAL_PCD_IRQHandler  stm32h7xx_hal_pcd.o
    0x08003662   0x08003662   0x00000008   Code   RO         1226    .text.HAL_PCD_ISOINIncompleteCallback  usbd_conf.o
    0x0800366a   0x0800366a   0x00000008   Code   RO         1224    .text.HAL_PCD_ISOOUTIncompleteCallback  usbd_conf.o
    0x08003672   0x08003672   0x000000cc   Code   RO         1630    .text.HAL_PCD_Init  stm32h7xx_hal_pcd.o
    0x0800373e   0x0800373e   0x00000002   PAD
    0x08003740   0x08003740   0x000000b4   Code   RO         1206    .text.HAL_PCD_MspInit  usbd_conf.o
    0x080037f4   0x080037f4   0x0000002a   Code   RO         1218    .text.HAL_PCD_ResetCallback  usbd_conf.o
    0x0800381e   0x0800381e   0x00000008   Code   RO         1222    .text.HAL_PCD_ResumeCallback  usbd_conf.o
    0x08003826   0x08003826   0x00000008   Code   RO         1216    .text.HAL_PCD_SOFCallback  usbd_conf.o
    0x0800382e   0x0800382e   0x00000028   Code   RO         1672    .text.HAL_PCD_SetAddress  stm32h7xx_hal_pcd.o
    0x08003856   0x08003856   0x0000000e   Code   RO         1210    .text.HAL_PCD_SetupStageCallback  usbd_conf.o
    0x08003864   0x08003864   0x00000042   Code   RO         1638    .text.HAL_PCD_Start  stm32h7xx_hal_pcd.o
    0x080038a6   0x080038a6   0x00000002   PAD
    0x080038a8   0x080038a8   0x00000030   Code   RO         1220    .text.HAL_PCD_SuspendCallback  usbd_conf.o
    0x080038d8   0x080038d8   0x00000048   Code   RO         2252    .text.HAL_PWREx_ConfigSupply  stm32h7xx_hal_pwr_ex.o
    0x08003920   0x08003920   0x00000010   Code   RO         2306    .text.HAL_PWREx_EnableUSBVoltageDetector  stm32h7xx_hal_pwr_ex.o
    0x08003930   0x08003930   0x00000938   Code   RO         1886    .text.HAL_RCCEx_PeriphCLKConfig  stm32h7xx_hal_rcc_ex.o
    0x08004268   0x08004268   0x00000218   Code   RO         1851    .text.HAL_RCC_ClockConfig  stm32h7xx_hal_rcc.o
    0x08004480   0x08004480   0x00000050   Code   RO         1869    .text.HAL_RCC_GetClockConfig  stm32h7xx_hal_rcc.o
    0x080044d0   0x080044d0   0x00000040   Code   RO         1861    .text.HAL_RCC_GetHCLKFreq  stm32h7xx_hal_rcc.o
    0x08004510   0x08004510   0x00000024   Code   RO         1863    .text.HAL_RCC_GetPCLK1Freq  stm32h7xx_hal_rcc.o
    0x08004534   0x08004534   0x0000014c   Code   RO         1853    .text.HAL_RCC_GetSysClockFreq  stm32h7xx_hal_rcc.o
    0x08004680   0x08004680   0x00000522   Code   RO         1849    .text.HAL_RCC_OscConfig  stm32h7xx_hal_rcc.o
    0x08004ba2   0x08004ba2   0x00000002   PAD
    0x08004ba4   0x08004ba4   0x0000019c   Code   RO         2934    .text.HAL_SPI_Init  stm32h7xx_hal_spi.o
    0x08004d40   0x08004d40   0x00000084   Code   RO           92    .text.HAL_SPI_MspInit  spi.o
    0x08004dc4   0x08004dc4   0x00000014   Code   RO         2446    .text.HAL_SYSCFG_AnalogSwitchConfig  stm32h7xx_hal.o
    0x08004dd8   0x08004dd8   0x00000002   Code   RO         1613    .text.HAL_TIMEx_Break2Callback  stm32h7xx_hal_tim_ex.o
    0x08004dda   0x08004dda   0x00000002   Code   RO         1611    .text.HAL_TIMEx_BreakCallback  stm32h7xx_hal_tim_ex.o
    0x08004ddc   0x08004ddc   0x00000002   Code   RO         1607    .text.HAL_TIMEx_CommutCallback  stm32h7xx_hal_tim_ex.o
    0x08004dde   0x08004dde   0x00000060   Code   RO         1281    .text.HAL_TIM_Base_Init  stm32h7xx_hal_tim.o
    0x08004e3e   0x08004e3e   0x00000002   Code   RO         1283    .text.HAL_TIM_Base_MspInit  stm32h7xx_hal_tim.o
    0x08004e40   0x08004e40   0x0000008c   Code   RO         1295    .text.HAL_TIM_Base_Start_IT  stm32h7xx_hal_tim.o
    0x08004ecc   0x08004ecc   0x00000002   Code   RO         1417    .text.HAL_TIM_IC_CaptureCallback  stm32h7xx_hal_tim.o
    0x08004ece   0x08004ece   0x00000002   PAD
    0x08004ed0   0x08004ed0   0x0000013c   Code   RO         1415    .text.HAL_TIM_IRQHandler  stm32h7xx_hal_tim.o
    0x0800500c   0x0800500c   0x00000002   Code   RO         1419    .text.HAL_TIM_OC_DelayElapsedCallback  stm32h7xx_hal_tim.o
    0x0800500e   0x0800500e   0x00000002   Code   RO         1421    .text.HAL_TIM_PWM_PulseFinishedCallback  stm32h7xx_hal_tim.o
    0x08005010   0x08005010   0x00000014   Code   RO           17    .text.HAL_TIM_PeriodElapsedCallback  main.o
    0x08005024   0x08005024   0x00000002   Code   RO         1425    .text.HAL_TIM_TriggerCallback  stm32h7xx_hal_tim.o
    0x08005026   0x08005026   0x00000002   Code   RO          110    .text.HardFault_Handler  stm32h7xx_it.o
    0x08005028   0x08005028   0x00000032   Code   RO         1161    .text.IntToUnicode  usbd_desc.o
    0x0800505a   0x0800505a   0x00000002   PAD
    0x0800505c   0x0800505c   0x00000074   Code   RO           68    .text.MX_FDCAN1_Init  fdcan.o
    0x080050d0   0x080050d0   0x00000078   Code   RO           70    .text.MX_FDCAN2_Init  fdcan.o
    0x08005148   0x08005148   0x00000048   Code   RO           44    .text.MX_FREERTOS_Init  freertos.o
    0x08005190   0x08005190   0x000000cc   Code   RO           31    .text.MX_GPIO_Init  gpio.o
    0x0800525c   0x0800525c   0x00000050   Code   RO           90    .text.MX_SPI1_Init  spi.o
    0x080052ac   0x080052ac   0x00000054   Code   RO         1133    .text.MX_USB_DEVICE_Init  usb_device.o
    0x08005300   0x08005300   0x00000002   Code   RO          112    .text.MemManage_Handler  stm32h7xx_it.o
    0x08005302   0x08005302   0x00000002   Code   RO          108    .text.NMI_Handler   stm32h7xx_it.o
    0x08005304   0x08005304   0x0000000c   Code   RO          130    .text.OTG_FS_IRQHandler  stm32h7xx_it.o
    0x08005310   0x08005310   0x00000304   Code   RO          260    .text.PIDCalculate  controller.o
    0x08005614   0x08005614   0x00000032   Code   RO          258    .text.PIDInit       controller.o
    0x08005646   0x08005646   0x0000000a   PAD
    0x08005650   0x08005650   0x00000064   Code   RO          514    .text.PendSV_Handler  port.o
    0x080056b4   0x080056b4   0x0000010c   Code   RO         1888    .text.RCCEx_PLL2_Config  stm32h7xx_hal_rcc_ex.o
    0x080057c0   0x080057c0   0x0000010c   Code   RO         1890    .text.RCCEx_PLL3_Config  stm32h7xx_hal_rcc_ex.o
    0x080058cc   0x080058cc   0x00000004   PAD
    0x080058d0   0x080058d0   0x00000024   Code   RO          498    .text.SVC_Handler   port.o
    0x080058f4   0x080058f4   0x0000001c   Code   RO          937    .text.SysTick_Handler  cmsis_os2.o
    0x08005910   0x08005910   0x000000bc   Code   RO           13    .text.SystemClock_Config  main.o
    0x080059cc   0x080059cc   0x000000d8   Code   RO          173    .text.SystemInit    system_stm32h7xx.o
    0x08005aa4   0x08005aa4   0x0000000c   Code   RO          128    .text.TIM7_IRQHandler  stm32h7xx_it.o
    0x08005ab0   0x08005ab0   0x000000d4   Code   RO         1285    .text.TIM_Base_SetConfig  stm32h7xx_hal_tim.o
    0x08005b84   0x08005b84   0x00000070   Code   RO         3176    .text.USBD_CDC_DataIn  usbd_cdc.o
    0x08005bf4   0x08005bf4   0x0000003e   Code   RO         3178    .text.USBD_CDC_DataOut  usbd_cdc.o
    0x08005c32   0x08005c32   0x00000002   PAD
    0x08005c34   0x08005c34   0x0000005c   Code   RO         3170    .text.USBD_CDC_DeInit  usbd_cdc.o
    0x08005c90   0x08005c90   0x00000038   Code   RO         3174    .text.USBD_CDC_EP0_RxReady  usbd_cdc.o
    0x08005cc8   0x08005cc8   0x0000000c   Code   RO         3186    .text.USBD_CDC_GetDeviceQualifierDescriptor  usbd_cdc.o
    0x08005cd4   0x08005cd4   0x00000040   Code   RO         3182    .text.USBD_CDC_GetFSCfgDesc  usbd_cdc.o
    0x08005d14   0x08005d14   0x00000044   Code   RO         3180    .text.USBD_CDC_GetHSCfgDesc  usbd_cdc.o
    0x08005d58   0x08005d58   0x00000048   Code   RO         3184    .text.USBD_CDC_GetOtherSpeedCfgDesc  usbd_cdc.o
    0x08005da0   0x08005da0   0x000000da   Code   RO         3168    .text.USBD_CDC_Init  usbd_cdc.o
    0x08005e7a   0x08005e7a   0x00000032   Code   RO         3196    .text.USBD_CDC_ReceivePacket  usbd_cdc.o
    0x08005eac   0x08005eac   0x00000018   Code   RO         3188    .text.USBD_CDC_RegisterInterface  usbd_cdc.o
    0x08005ec4   0x08005ec4   0x0000001c   Code   RO         3192    .text.USBD_CDC_SetRxBuffer  usbd_cdc.o
    0x08005ee0   0x08005ee0   0x00000020   Code   RO         3190    .text.USBD_CDC_SetTxBuffer  usbd_cdc.o
    0x08005f00   0x08005f00   0x000000c6   Code   RO         3172    .text.USBD_CDC_Setup  usbd_cdc.o
    0x08005fc6   0x08005fc6   0x0000003a   Code   RO         3194    .text.USBD_CDC_TransmitPacket  usbd_cdc.o
    0x08006000   0x08006000   0x00000012   Code   RO         3074    .text.USBD_ClrClassConfig  usbd_core.o
    0x08006012   0x08006012   0x00000004   Code   RO         3082    .text.USBD_CoreFindEP  usbd_core.o
    0x08006016   0x08006016   0x00000004   Code   RO         3080    .text.USBD_CoreFindIF  usbd_core.o
    0x0800601a   0x0800601a   0x00000010   Code   RO         3149    .text.USBD_CtlContinueRx  usbd_ioreq.o
    0x0800602a   0x0800602a   0x00000010   Code   RO         3145    .text.USBD_CtlContinueSendData  usbd_ioreq.o
    0x0800603a   0x0800603a   0x00000016   Code   RO         3121    .text.USBD_CtlError  usbd_ctlreq.o
    0x08006050   0x08006050   0x0000001a   Code   RO         3147    .text.USBD_CtlPrepareRx  usbd_ioreq.o
    0x0800606a   0x0800606a   0x00000016   Code   RO         3153    .text.USBD_CtlReceiveStatus  usbd_ioreq.o
    0x08006080   0x08006080   0x0000001a   Code   RO         3143    .text.USBD_CtlSendData  usbd_ioreq.o
    0x0800609a   0x0800609a   0x00000016   Code   RO         3151    .text.USBD_CtlSendStatus  usbd_ioreq.o
    0x080060b0   0x080060b0   0x00000024   Code   RO         1157    .text.USBD_FS_ConfigStrDescriptor  usbd_desc.o
    0x080060d4   0x080060d4   0x0000000c   Code   RO         1147    .text.USBD_FS_DeviceDescriptor  usbd_desc.o
    0x080060e0   0x080060e0   0x00000028   Code   RO         1159    .text.USBD_FS_InterfaceStrDescriptor  usbd_desc.o
    0x08006108   0x08006108   0x0000000c   Code   RO         1149    .text.USBD_FS_LangIDStrDescriptor  usbd_desc.o
    0x08006114   0x08006114   0x0000002c   Code   RO         1151    .text.USBD_FS_ManufacturerStrDescriptor  usbd_desc.o
    0x08006140   0x08006140   0x00000030   Code   RO         1153    .text.USBD_FS_ProductStrDescriptor  usbd_desc.o
    0x08006170   0x08006170   0x00000038   Code   RO         1155    .text.USBD_FS_SerialStrDescriptor  usbd_desc.o
    0x080061a8   0x080061a8   0x0000002a   Code   RO         3104    .text.USBD_GetEpDesc  usbd_core.o
    0x080061d2   0x080061d2   0x00000084   Code   RO         3129    .text.USBD_GetString  usbd_ctlreq.o
    0x08006256   0x08006256   0x00000028   Code   RO         3060    .text.USBD_Init     usbd_core.o
    0x0800627e   0x0800627e   0x00000002   PAD
    0x08006280   0x08006280   0x00000020   Code   RO         1250    .text.USBD_LL_ClearStallEP  usbd_conf.o
    0x080062a0   0x080062a0   0x00000020   Code   RO         1244    .text.USBD_LL_CloseEP  usbd_conf.o
    0x080062c0   0x080062c0   0x000000b0   Code   RO         3084    .text.USBD_LL_DataInStage  usbd_core.o
    0x08006370   0x08006370   0x0000007c   Code   RO         3078    .text.USBD_LL_DataOutStage  usbd_core.o
    0x080063ec   0x080063ec   0x00000004   Code   RO         3100    .text.USBD_LL_DevConnected  usbd_core.o
    0x080063f0   0x080063f0   0x00000020   Code   RO         3102    .text.USBD_LL_DevDisconnected  usbd_core.o
    0x08006410   0x08006410   0x00000008   Code   RO         1260    .text.USBD_LL_GetRxDataSize  usbd_conf.o
    0x08006418   0x08006418   0x00000064   Code   RO         1232    .text.USBD_LL_Init  usbd_conf.o
    0x0800647c   0x0800647c   0x00000022   Code   RO         1252    .text.USBD_LL_IsStallEP  usbd_conf.o
    0x0800649e   0x0800649e   0x00000030   Code   RO         3096    .text.USBD_LL_IsoINIncomplete  usbd_core.o
    0x080064ce   0x080064ce   0x00000030   Code   RO         3098    .text.USBD_LL_IsoOUTIncomplete  usbd_core.o
    0x080064fe   0x080064fe   0x00000002   PAD
    0x08006500   0x08006500   0x00000024   Code   RO         1242    .text.USBD_LL_OpenEP  usbd_conf.o
    0x08006524   0x08006524   0x00000020   Code   RO         1258    .text.USBD_LL_PrepareReceive  usbd_conf.o
    0x08006544   0x08006544   0x00000062   Code   RO         3086    .text.USBD_LL_Reset  usbd_core.o
    0x080065a6   0x080065a6   0x00000014   Code   RO         3092    .text.USBD_LL_Resume  usbd_core.o
    0x080065ba   0x080065ba   0x0000001e   Code   RO         3094    .text.USBD_LL_SOF   usbd_core.o
    0x080065d8   0x080065d8   0x00000006   Code   RO         3088    .text.USBD_LL_SetSpeed  usbd_core.o
    0x080065de   0x080065de   0x00000002   PAD
    0x080065e0   0x080065e0   0x00000024   Code   RO         1254    .text.USBD_LL_SetUSBAddress  usbd_conf.o
    0x08006604   0x08006604   0x00000060   Code   RO         3076    .text.USBD_LL_SetupStage  usbd_core.o
    0x08006664   0x08006664   0x00000024   Code   RO         1248    .text.USBD_LL_StallEP  usbd_conf.o
    0x08006688   0x08006688   0x00000020   Code   RO         1238    .text.USBD_LL_Start  usbd_conf.o
    0x080066a8   0x080066a8   0x0000001a   Code   RO         3090    .text.USBD_LL_Suspend  usbd_core.o
    0x080066c2   0x080066c2   0x00000002   PAD
    0x080066c4   0x080066c4   0x00000024   Code   RO         1256    .text.USBD_LL_Transmit  usbd_conf.o
    0x080066e8   0x080066e8   0x00000028   Code   RO         3127    .text.USBD_ParseSetupRequest  usbd_ctlreq.o
    0x08006710   0x08006710   0x00000042   Code   RO         3064    .text.USBD_RegisterClass  usbd_core.o
    0x08006752   0x08006752   0x0000000e   Code   RO         3072    .text.USBD_SetClassConfig  usbd_core.o
    0x08006760   0x08006760   0x00000004   Code   RO         3066    .text.USBD_Start    usbd_core.o
    0x08006764   0x08006764   0x000002e4   Code   RO         3119    .text.USBD_StdDevReq  usbd_ctlreq.o
    0x08006a48   0x08006a48   0x00000152   Code   RO         3125    .text.USBD_StdEPReq  usbd_ctlreq.o
    0x08006b9a   0x08006b9a   0x00000074   Code   RO         3123    .text.USBD_StdItfReq  usbd_ctlreq.o
    0x08006c0e   0x08006c0e   0x00000002   Code   RO         1264    .text.USBD_static_free  usbd_conf.o
    0x08006c10   0x08006c10   0x00000008   Code   RO         1262    .text.USBD_static_malloc  usbd_conf.o
    0x08006c18   0x08006c18   0x0000007c   Code   RO         1762    .text.USB_ActivateEndpoint  stm32h7xx_ll_usb.o
    0x08006c94   0x08006c94   0x0000001e   Code   RO         1804    .text.USB_ActivateSetup  stm32h7xx_ll_usb.o
    0x08006cb2   0x08006cb2   0x00000002   PAD
    0x08006cb4   0x08006cb4   0x00000098   Code   RO         1738    .text.USB_CoreInit  stm32h7xx_ll_usb.o
    0x08006d4c   0x08006d4c   0x0000004a   Code   RO         1740    .text.USB_CoreReset  stm32h7xx_ll_usb.o
    0x08006d96   0x08006d96   0x00000002   PAD
    0x08006d98   0x08006d98   0x00000084   Code   RO         1766    .text.USB_DeactivateEndpoint  stm32h7xx_ll_usb.o
    0x08006e1c   0x08006e1c   0x0000001c   Code   RO         1786    .text.USB_DevConnect  stm32h7xx_ll_usb.o
    0x08006e38   0x08006e38   0x0000001c   Code   RO         1788    .text.USB_DevDisconnect  stm32h7xx_ll_usb.o
    0x08006e54   0x08006e54   0x00000198   Code   RO         1752    .text.USB_DevInit   stm32h7xx_ll_usb.o
    0x08006fec   0x08006fec   0x0000000c   Code   RO         1746    .text.USB_DisableGlobalInt  stm32h7xx_ll_usb.o
    0x08006ff8   0x08006ff8   0x00000058   Code   RO         1806    .text.USB_EP0_OutStart  stm32h7xx_ll_usb.o
    0x08007050   0x08007050   0x00000032   Code   RO         1780    .text.USB_EPClearStall  stm32h7xx_ll_usb.o
    0x08007082   0x08007082   0x00000038   Code   RO         1778    .text.USB_EPSetStall  stm32h7xx_ll_usb.o
    0x080070ba   0x080070ba   0x00000002   PAD
    0x080070bc   0x080070bc   0x000001ac   Code   RO         1770    .text.USB_EPStartXfer  stm32h7xx_ll_usb.o
    0x08007268   0x08007268   0x00000084   Code   RO         1774    .text.USB_EPStopXfer  stm32h7xx_ll_usb.o
    0x080072ec   0x080072ec   0x0000000c   Code   RO         1744    .text.USB_EnableGlobalInt  stm32h7xx_ll_usb.o
    0x080072f8   0x080072f8   0x00000046   Code   RO         1758    .text.USB_FlushRxFifo  stm32h7xx_ll_usb.o
    0x0800733e   0x0800733e   0x0000004a   Code   RO         1756    .text.USB_FlushTxFifo  stm32h7xx_ll_usb.o
    0x08007388   0x08007388   0x0000001e   Code   RO         1760    .text.USB_GetDevSpeed  stm32h7xx_ll_usb.o
    0x080073a6   0x080073a6   0x00000008   Code   RO         1750    .text.USB_GetMode   stm32h7xx_ll_usb.o
    0x080073ae   0x080073ae   0x00000002   PAD
    0x080073b0   0x080073b0   0x00000048   Code   RO          369    .text.USB_Init      usb.o
    0x080073f8   0x080073f8   0x0000001e   Code   RO          381    .text.USB_ProcessTask  usb.o
    0x08007416   0x08007416   0x0000000e   Code   RO         1796    .text.USB_ReadDevAllInEpInterrupt  stm32h7xx_ll_usb.o
    0x08007424   0x08007424   0x0000000e   Code   RO         1794    .text.USB_ReadDevAllOutEpInterrupt  stm32h7xx_ll_usb.o
    0x08007432   0x08007432   0x00000024   Code   RO         1800    .text.USB_ReadDevInEPInterrupt  stm32h7xx_ll_usb.o
    0x08007456   0x08007456   0x00000010   Code   RO         1798    .text.USB_ReadDevOutEPInterrupt  stm32h7xx_ll_usb.o
    0x08007466   0x08007466   0x00000008   Code   RO         1790    .text.USB_ReadInterrupts  stm32h7xx_ll_usb.o
    0x0800746e   0x0800746e   0x00000058   Code   RO         1776    .text.USB_ReadPacket  stm32h7xx_ll_usb.o
    0x080074c6   0x080074c6   0x00000002   PAD
    0x080074c8   0x080074c8   0x00000038   Code   RO          379    .text.USB_ReadRingBuffer  usb.o
    0x08007500   0x08007500   0x00000050   Code   RO          373    .text.USB_RxHandler  usb.o
    0x08007550   0x08007550   0x00000062   Code   RO         1748    .text.USB_SetCurrentMode  stm32h7xx_ll_usb.o
    0x080075b2   0x080075b2   0x00000022   Code   RO         1784    .text.USB_SetDevAddress  stm32h7xx_ll_usb.o
    0x080075d4   0x080075d4   0x000000f0   Code   RO         1742    .text.USB_SetTurnaroundTime  stm32h7xx_ll_usb.o
    0x080076c4   0x080076c4   0x00000080   Code   RO          375    .text.USB_Transmit  usb.o
    0x08007744   0x08007744   0x0000002a   Code   RO         1772    .text.USB_WritePacket  stm32h7xx_ll_usb.o
    0x0800776e   0x0800776e   0x00000002   Code   RO          116    .text.UsageFault_Handler  stm32h7xx_it.o
    0x08007770   0x08007770   0x0000000e   Code   RO           50    .text.Usb_Task      freertos.o
    0x0800777e   0x0800777e   0x00000002   PAD
    0x08007780   0x08007780   0x000000f0   Code   RO           11    .text.main          main.o
    0x08007870   0x08007870   0x00000024   Code   RO          391    .text.on_receive_CmdVel  usb.o
    0x08007894   0x08007894   0x00000002   Code   RO          435    .text.on_receive_GenericStatusRx  protocol.o
    0x08007896   0x08007896   0x00000002   Code   RO          433    .text.on_receive_GenericStatusTx  protocol.o
    0x08007898   0x08007898   0x00000002   Code   RO          431    .text.on_receive_GridAttackGoal  protocol.o
    0x0800789a   0x0800789a   0x00000002   Code   RO          429    .text.on_receive_GridPlaceGoal  protocol.o
    0x0800789c   0x0800789c   0x00000002   Code   RO          421    .text.on_receive_GripperControlGoal  protocol.o
    0x0800789e   0x0800789e   0x00000004   Code   RO          387    .text.on_receive_Handshake  usb.o
    0x080078a2   0x080078a2   0x00000002   PAD
    0x080078a4   0x080078a4   0x0000001c   Code   RO          389    .text.on_receive_Heartbeat  usb.o
    0x080078c0   0x080078c0   0x00000002   Code   RO          427    .text.on_receive_MerlinPickGoal  protocol.o
    0x080078c2   0x080078c2   0x00000002   Code   RO          425    .text.on_receive_MlControlTx  protocol.o
    0x080078c4   0x080078c4   0x00000002   Code   RO          423    .text.on_receive_WeaponDockGoal  protocol.o
    0x080078c6   0x080078c6   0x0000001c   Code   RO          997    .text.osDelay       cmsis_os2.o
    0x080078e2   0x080078e2   0x00000002   PAD
    0x080078e4   0x080078e4   0x00000020   Code   RO          939    .text.osKernelInitialize  cmsis_os2.o
    0x08007904   0x08007904   0x00000038   Code   RO          945    .text.osKernelStart  cmsis_os2.o
    0x0800793c   0x0800793c   0x00000090   Code   RO          961    .text.osThreadNew   cmsis_os2.o
    0x080079cc   0x080079cc   0x0000015c   Code   RO          437    .text.protocol_fsm_feed  protocol.o
    0x08007b28   0x08007b28   0x00000070   Code   RO          764    .text.prvAddCurrentTaskToDelayedList  tasks.o
    0x08007b98   0x08007b98   0x000000d0   Code   RO          750    .text.prvAddNewTaskToReadyList  tasks.o
    0x08007c68   0x08007c68   0x0000005c   Code   RO          881    .text.prvCheckForValidListAndQueue  timers.o
    0x08007cc4   0x08007cc4   0x00000026   Code   RO          641    .text.prvCopyDataFromQueue  queue.o
    0x08007cea   0x08007cea   0x00000072   Code   RO          631    .text.prvCopyDataToQueue  queue.o
    0x08007d5c   0x08007d5c   0x0000003a   Code   RO          756    .text.prvDeleteTCB  tasks.o
    0x08007d96   0x08007d96   0x00000002   PAD
    0x08007d98   0x08007d98   0x00000050   Code   RO          790    .text.prvIdleTask   tasks.o
    0x08007de8   0x08007de8   0x00000020   Code   RO          605    .text.prvInitialiseNewQueue  queue.o
    0x08007e08   0x08007e08   0x0000009c   Code   RO          748    .text.prvInitialiseNewTask  tasks.o
    0x08007ea4   0x08007ea4   0x00000050   Code   RO         1107    .text.prvInsertBlockIntoFreeList  heap_4.o
    0x08007ef4   0x08007ef4   0x00000038   Code   RO          921    .text.prvInsertTimerInActiveList  timers.o
    0x08007f2c   0x08007f2c   0x00000018   Code   RO          643    .text.prvIsQueueEmpty  queue.o
    0x08007f44   0x08007f44   0x00000028   Code   RO          506    .text.prvPortStartFirstTask  port.o
    0x08007f6c   0x08007f6c   0x00000020   Code   RO          758    .text.prvResetNextTaskUnblockTime  tasks.o
    0x08007f8c   0x08007f8c   0x00000094   Code   RO          919    .text.prvSampleTimeNow  timers.o
    0x08008020   0x08008020   0x00000034   Code   RO          496    .text.prvTaskExitError  port.o
    0x08008054   0x08008054   0x000001ec   Code   RO          883    .text.prvTimerTask  timers.o
    0x08008240   0x08008240   0x00000068   Code   RO          633    .text.prvUnlockQueue  queue.o
    0x080082a8   0x080082a8   0x00000150   Code   RO         1105    .text.pvPortMalloc  heap_4.o
    0x080083f8   0x080083f8   0x00000028   Code   RO          494    .text.pxPortInitialiseStack  port.o
    0x08008420   0x08008420   0x00000040   Code   RO          439    .text.send_CmdVel   protocol.o
    0x08008460   0x08008460   0x00000040   Code   RO          417    .text.send_Handshake  protocol.o
    0x080084a0   0x080084a0   0x00000044   Code   RO          413    .text.send_Heartbeat  protocol.o
    0x080084e4   0x080084e4   0x00000010   Code   RO          385    .text.serial_write  usb.o
    0x080084f4   0x080084f4   0x00000022   Code   RO          588    .text.uxListRemove  list.o
    0x08008516   0x08008516   0x00000002   PAD
    0x08008518   0x08008518   0x00000018   Code   RO         1085    .text.vApplicationGetIdleTaskMemory  cmsis_os2.o
    0x08008530   0x08008530   0x00000018   Code   RO         1087    .text.vApplicationGetTimerTaskMemory  cmsis_os2.o
    0x08008548   0x08008548   0x00000016   Code   RO          580    .text.vListInitialise  list.o
    0x0800855e   0x0800855e   0x00000006   Code   RO          582    .text.vListInitialiseItem  list.o
    0x08008564   0x08008564   0x0000003c   Code   RO          586    .text.vListInsert   list.o
    0x080085a0   0x080085a0   0x00000018   Code   RO          584    .text.vListInsertEnd  list.o
    0x080085b8   0x080085b8   0x00000014   Code   RO          504    .text.vPortEnableVFP  port.o
    0x080085cc   0x080085cc   0x00000044   Code   RO          510    .text.vPortEnterCritical  port.o
    0x08008610   0x08008610   0x00000030   Code   RO          512    .text.vPortExitCritical  port.o
    0x08008640   0x08008640   0x00000084   Code   RO         1109    .text.vPortFree     heap_4.o
    0x080086c4   0x080086c4   0x00000028   Code   RO          502    .text.vPortSetupTimerInterrupt  port.o
    0x080086ec   0x080086ec   0x0000005c   Code   RO          518    .text.vPortValidateInterruptPriority  port.o
    0x08008748   0x08008748   0x00000028   Code   RO          671    .text.vQueueAddToRegistry  queue.o
    0x08008770   0x08008770   0x00000046   Code   RO          675    .text.vQueueWaitForMessageRestricted  queue.o
    0x080087b6   0x080087b6   0x00000002   PAD
    0x080087b8   0x080087b8   0x00000050   Code   RO          768    .text.vTaskDelay    tasks.o
    0x08008808   0x08008808   0x0000000c   Code   RO          822    .text.vTaskInternalSetTimeOutState  tasks.o
    0x08008814   0x08008814   0x00000008   Code   RO          826    .text.vTaskMissedYield  tasks.o
    0x0800881c   0x0800881c   0x00000034   Code   RO          810    .text.vTaskPlaceOnEventList  tasks.o
    0x08008850   0x08008850   0x0000003c   Code   RO          814    .text.vTaskPlaceOnEventListRestricted  tasks.o
    0x0800888c   0x0800888c   0x0000008c   Code   RO          788    .text.vTaskStartScheduler  tasks.o
    0x08008918   0x08008918   0x0000000c   Code   RO          762    .text.vTaskSuspendAll  tasks.o
    0x08008924   0x08008924   0x00000070   Code   RO          780    .text.vTaskSwitchContext  tasks.o
    0x08008994   0x08008994   0x000000b4   Code   RO          500    .text.xPortStartScheduler  port.o
    0x08008a48   0x08008a48   0x0000002c   Code   RO          516    .text.xPortSysTickHandler  port.o
    0x08008a74   0x08008a74   0x0000009e   Code   RO          603    .text.xQueueGenericCreateStatic  queue.o
    0x08008b12   0x08008b12   0x00000002   PAD
    0x08008b14   0x08008b14   0x00000088   Code   RO          601    .text.xQueueGenericReset  queue.o
    0x08008b9c   0x08008b9c   0x0000019c   Code   RO          621    .text.xQueueGenericSend  queue.o
    0x08008d38   0x08008d38   0x000000da   Code   RO          635    .text.xQueueGenericSendFromISR  queue.o
    0x08008e12   0x08008e12   0x00000002   PAD
    0x08008e14   0x08008e14   0x00000160   Code   RO          639    .text.xQueueReceive  queue.o
    0x08008f74   0x08008f74   0x00000084   Code   RO          824    .text.xTaskCheckForTimeOut  tasks.o
    0x08008ff8   0x08008ff8   0x00000058   Code   RO          752    .text.xTaskCreate   tasks.o
    0x08009050   0x08009050   0x0000007e   Code   RO          746    .text.xTaskCreateStatic  tasks.o
    0x080090ce   0x080090ce   0x00000002   PAD
    0x080090d0   0x080090d0   0x00000018   Code   RO          838    .text.xTaskGetSchedulerState  tasks.o
    0x080090e8   0x080090e8   0x00000008   Code   RO          796    .text.xTaskGetTickCount  tasks.o
    0x080090f0   0x080090f0   0x000000dc   Code   RO          794    .text.xTaskIncrementTick  tasks.o
    0x080091cc   0x080091cc   0x00000088   Code   RO          842    .text.xTaskPriorityDisinherit  tasks.o
    0x08009254   0x08009254   0x00000074   Code   RO          816    .text.xTaskRemoveFromEventList  tasks.o
    0x080092c8   0x080092c8   0x000000d8   Code   RO          766    .text.xTaskResumeAll  tasks.o
    0x080093a0   0x080093a0   0x00000068   Code   RO          879    .text.xTimerCreateTimerTask  timers.o
    0x08009408   0x08009408   0x00000064   Code   RO          891    .text.xTimerGenericCommand  timers.o
    0x0800946c   0x0800946c   0x0000000e   Code   RO         3295    i.__hardfp__fabsf   m_wv.l(fabsf.o)
    0x0800947a   0x0800947a   0x000000b0   Code   RO         3301    i.__hardfp_fmodf    m_wv.l(fmodf.o)
    0x0800952a   0x0800952a   0x00000002   PAD
    0x0800952c   0x0800952c   0x00000010   Code   RO         3400    i.__mathlib_flt_invalid  m_wv.l(funder.o)
    0x0800953c   0x0800953c   0x0000008c   Code   RO         3457    x$fpl$fnaninf       fz_wv.l(fnaninf.o)
    0x080095c8   0x080095c8   0x0000000a   Code   RO         3459    x$fpl$fpinit        fz_wv.l(fpinit.o)
    0x080095d2   0x080095d2   0x00000002   PAD
    0x080095d4   0x080095d4   0x000000f4   Code   RO         3394    x$fpl$frem          fz_wv.l(frem_clz.o)
    0x080096c8   0x080096c8   0x00000000   Code   RO         3396    x$fpl$usenofp       fz_wv.l(usenofp.o)
    0x080096c8   0x080096c8   0x000000bc   Data   RO          481    .rodata..LChassisInit.chassis_motor_config  test.o
    0x08009784   0x08009784   0x00000100   Data   RO          458    .rodata.CRC8_TABLE  protocol.o
    0x08009884   0x08009884   0x00000024   Data   RO           53    .rodata.Chassis_Task_attributes  freertos.o
    0x080098a8   0x080098a8   0x00000010   Data   RO          179    .rodata.D1CorePrescTable  system_stm32h7xx.o
    0x080098b8   0x080098b8   0x00000024   Data   RO           54    .rodata.DJIMotor_Task_attributes  freertos.o
    0x080098dc   0x080098dc   0x0000004c   Data   RO         2921    .rodata.HAL_FDCAN_Init.CvtEltSize  stm32h7xx_hal_fdcan.o
    0x08009928   0x08009928   0x00000030   Data   RO          320    .rodata.InitSenderInstances.sender_map  dji_motor.o
    0x08009958   0x08009958   0x00000010   Data   RO         2922    .rodata.cst16       stm32h7xx_hal_fdcan.o
    0x08009968   0x08009968   0x00000024   Data   RO           52    .rodata.str1.1      freertos.o
    0x0800998c   0x0800998c   0x00000024   Data   RO           55    .rodata.usb_Task_attributes  freertos.o
    0x080099b0   0x080099b0   0x00000020   Data   RO         3552    Region$$Table       anon$$obj.o


    Execution Region RW_IRAM1 (Exec base: 0x20000000, Load base: 0x080099d0, Size: 0x00000000, Max: 0x00020000, ABSOLUTE)

    **** No section assigned to this execution region ****


    Execution Region RW_IRAM2 (Exec base: 0x24000000, Load base: 0x080099d0, Size: 0x000148c0, Max: 0x00080000, ABSOLUTE, COMPRESSED[0x000000e0])

    Exec Addr    Load Addr    Size         Type   Attr      Idx    E Section Name        Object

    0x24000000   COMPRESSED   0x00000008   Data   RW          180    .data..L_MergedGlobals  system_stm32h7xx.o
    0x24000008   COMPRESSED   0x00000008   PAD
    0x24000010   COMPRESSED   0x0000006c   Data   RW          244    .data..L_MergedGlobals  bsp_fdcan.o
    0x2400007c   COMPRESSED   0x0000000c   Data   RW         2492    .data..L_MergedGlobals  stm32h7xx_hal.o
    0x24000088   COMPRESSED   0x00000020   Data   RW         1163    .data.FS_Desc       usbd_desc.o
    0x240000a8   COMPRESSED   0x00000038   Data   RW         3198    .data.USBD_CDC      usbd_cdc.o
    0x240000e0   COMPRESSED   0x00000043   Data   RW         3200    .data.USBD_CDC_CfgDesc  usbd_cdc.o
    0x24000123   COMPRESSED   0x00000001   PAD
    0x24000124   COMPRESSED   0x0000000a   Data   RW         3199    .data.USBD_CDC_DeviceQualifierDesc  usbd_cdc.o
    0x2400012e   COMPRESSED   0x00000002   PAD
    0x24000130   COMPRESSED   0x00000012   Data   RW         1164    .data.USBD_FS_DeviceDesc  usbd_desc.o
    0x24000142   COMPRESSED   0x00000002   PAD
    0x24000144   COMPRESSED   0x00000014   Data   RW         1192    .data.USBD_Interface_fops_FS  usbd_cdc_if.o
    0x24000158   COMPRESSED   0x00000004   Data   RW         1166    .data.USBD_LangIDDesc  usbd_desc.o
    0x2400015c   COMPRESSED   0x0000001a   Data   RW         1167    .data.USBD_StringSerial  usbd_desc.o
    0x24000176   COMPRESSED   0x00000002   PAD
    0x24000178   COMPRESSED   0x00000004   Data   RW          520    .data.uxCriticalNesting  port.o
    0x2400017c   COMPRESSED   0x00000004   PAD
    0x24000180        -       0x00000060   Zero   RW         3416    .bss                c_w.l(libspace.o)
    0x240001e0        -       0x0000000c   Zero   RW           56    .bss..L_MergedGlobals  freertos.o
    0x240001ec   COMPRESSED   0x00000004   PAD
    0x240001f0        -       0x00000038   Zero   RW          212    .bss..L_MergedGlobals  bsp_dwt.o
    0x24000228   COMPRESSED   0x00000008   PAD
    0x24000230        -       0x00000050   Zero   RW          321    .bss..L_MergedGlobals  dji_motor.o
    0x24000280        -       0x00000010   Zero   RW          396    .bss..L_MergedGlobals  usb.o
    0x24000290        -       0x00000006   Zero   RW          459    .bss..L_MergedGlobals  protocol.o
    0x24000296   COMPRESSED   0x00000002   PAD
    0x24000298        -       0x00000008   Zero   RW          521    .bss..L_MergedGlobals  port.o
    0x240002a0        -       0x00000074   Zero   RW          866    .bss..L_MergedGlobals  tasks.o
    0x24000314   COMPRESSED   0x0000000c   PAD
    0x24000320        -       0x0000003c   Zero   RW          924    .bss..L_MergedGlobals  timers.o
    0x2400035c   COMPRESSED   0x00000004   PAD
    0x24000360        -       0x0000001c   Zero   RW         1121    .bss..L_MergedGlobals  heap_4.o
    0x2400037c   COMPRESSED   0x00000004   PAD
    0x24000380        -       0x0000005c   Zero   RW          245    .bss..L_MergedGlobals.1  bsp_fdcan.o
    0x240003dc        -       0x00000010   Zero   RW          397    .bss..L_MergedGlobals.1  usb.o
    0x240003ec   COMPRESSED   0x00000004   PAD
    0x240003f0        -       0x00000028   Zero   RW          867    .bss..L_MergedGlobals.1  tasks.o
    0x24000418   COMPRESSED   0x00000008   PAD
    0x24000420        -       0x00000044   Zero   RW          246    .bss..L_MergedGlobals.2  bsp_fdcan.o
    0x24000464   COMPRESSED   0x0000000c   PAD
    0x24000470        -       0x00000050   Zero   RW          925    .bss..L_MergedGlobals.2  timers.o
    0x240004c0        -       0x00000004   Zero   RW           78    .bss.HAL_RCC_FDCAN_CLK_ENABLED  fdcan.o
    0x240004c4        -       0x00000004   Zero   RW         1089    .bss.KernelState    cmsis_os2.o
    0x240004c8        -       0x00000002   Zero   RW          210    .bss.SysTime.1      bsp_dwt.o
    0x240004ca   COMPRESSED   0x00000002   PAD
    0x240004cc        -       0x00000002   Zero   RW          211    .bss.SysTime.2      bsp_dwt.o
    0x240004ce        -       0x00000001   Zero   RW         3131    .bss.USBD_SetConfig.cfgidx  usbd_ctlreq.o
    0x240004cf   COMPRESSED   0x00000001   PAD
    0x240004d0        -       0x00000200   Zero   RW         1168    .bss.USBD_StrDesc   usbd_desc.o
    0x240006d0        -       0x00000220   Zero   RW         1269    .bss.USBD_static_malloc.mem  usbd_conf.o
    0x240008f0        -       0x00000800   Zero   RW         1193    .bss.UserRxBufferFS  usbd_cdc_if.o
    0x240010f0        -       0x00000800   Zero   RW         1194    .bss.UserTxBufferFS  usbd_cdc_if.o
    0x240018f0        -       0x00000080   Zero   RW          282    .bss.daemon_instances  daemon.o
    0x24001970        -       0x00000004   Zero   RW          262    .bss.f_Integral_Limit.temp_Iout  controller.o
    0x24001974        -       0x00002000   Zero   RW          242    .bss.fdcan1_std_registry  bsp_fdcan.o
    0x24003974        -       0x00002000   Zero   RW          243    .bss.fdcan2_std_registry  bsp_fdcan.o
    0x24005974        -       0x00000070   Zero   RW          319    .bss.g_dji_motor_debug  dji_motor.o
    0x240059e4        -       0x000002dc   Zero   RW         1135    .bss.hUsbDeviceFS   usb_device.o
    0x24005cc0        -       0x000000a0   Zero   RW           76    .bss.hfdcan1        fdcan.o
    0x24005d60        -       0x000000a0   Zero   RW           77    .bss.hfdcan2        fdcan.o
    0x24005e00        -       0x000004e4   Zero   RW         1268    .bss.hpcd_USB_OTG_FS  usbd_conf.o
    0x240062e4        -       0x00000088   Zero   RW           96    .bss.hspi1          spi.o
    0x2400636c        -       0x0000004c   Zero   RW          161    .bss.htim7          stm32h7xx_hal_timebase_tim.o
    0x240063b8        -       0x00000001   Zero   RW          283    .bss.idx            daemon.o
    0x240063b9   COMPRESSED   0x00000003   PAD
    0x240063bc        -       0x00000004   Zero   RW          482    .bss.motor_rf       test.o
    0x240063c0        -       0x000000a0   Zero   RW          923    .bss.prvCheckForValidListAndQueue.ucStaticTimerQueueStorage  timers.o
    0x24006460        -       0x00000004   Zero   RW          864    .bss.pxCurrentTCB   tasks.o
    0x24006464        -       0x00000460   Zero   RW          865    .bss.pxReadyTasksLists  tasks.o
    0x240068c4        -       0x00000800   Zero   RW          395    .bss.ring_buffer    usb.o
    0x240070c4        -       0x00000100   Zero   RW          457    .bss.rx_buffer      protocol.o
    0x240071c4        -       0x00008000   Zero   RW         1120    .bss.ucHeap         heap_4.o
    0x2400f1c4        -       0x00000200   Zero   RW         1091    .bss.vApplicationGetIdleTaskMemory.Idle_Stack  cmsis_os2.o
    0x2400f3c4        -       0x0000005c   Zero   RW         1090    .bss.vApplicationGetIdleTaskMemory.Idle_TCB  cmsis_os2.o
    0x2400f420        -       0x00000400   Zero   RW         1093    .bss.vApplicationGetTimerTaskMemory.Timer_Stack  cmsis_os2.o
    0x2400f820        -       0x0000005c   Zero   RW         1092    .bss.vApplicationGetTimerTaskMemory.Timer_TCB  cmsis_os2.o
    0x2400f87c        -       0x00000001   Zero   RW         1119    .bss.xBlockAllocatedBit  heap_4.o
    0x2400f87d   COMPRESSED   0x00000003   PAD
    0x2400f880        -       0x00000040   Zero   RW          677    .bss.xQueueRegistry  queue.o
    0x2400f8c0        -       0x00004000   Zero   RW            2    HEAP                startup_stm32h743xx.o
    0x240138c0        -       0x00001000   Zero   RW            1    STACK               startup_stm32h743xx.o



  Load Region LR$$.ARM.__at_0x30040000 (Base: 0x30040000, Size: 0x00000800, Max: 0x00000800, ABSOLUTE, COMPRESSED[0x00000014])

    Execution Region ER$$.ARM.__at_0x30040000 (Exec base: 0x30040000, Load base: 0x30040000, Size: 0x00000800, Max: 0x00000800, ABSOLUTE, UNINIT, COMPRESSED[0x00000014])

    Exec Addr    Load Addr    Size         Type   Attr      Idx    E Section Name        Object

    0x30040000   COMPRESSED   0x00000800   Data   RW          393    .ARM.__at_0x30040000  usb.o



  Load Region LR$$.ARM.__at_0x30040800 (Base: 0x30040800, Size: 0x00000800, Max: 0x00000800, ABSOLUTE, COMPRESSED[0x00000014])

    Execution Region ER$$.ARM.__at_0x30040800 (Exec base: 0x30040800, Load base: 0x30040800, Size: 0x00000800, Max: 0x00000800, ABSOLUTE, UNINIT, COMPRESSED[0x00000014])

    Exec Addr    Load Addr    Size         Type   Attr      Idx    E Section Name        Object

    0x30040800   COMPRESSED   0x00000800   Data   RW          394    .ARM.__at_0x30040800  usb.o


==============================================================================

Image component sizes


      Code (inc. data)   RO Data    RW Data    ZI Data      Debug   Object Name

       380         44          0          0         60       4573   bsp_dwt.o
      1376         72          0        108      16544      13582   bsp_fdcan.o
       336         28          0          0       1724      43266   cmsis_os2.o
       822         24          0          0          4       4748   controller.o
        78          8          0          0        129       2020   daemon.o
      2620        116         48          0        192      20439   dji_motor.o
       576         36          0          0        324      12435   fdcan.o
       118         32        144          0         12       3407   freertos.o
       204          8          0          0          0       3370   gpio.o
       548         20          0          0      32797       5368   heap_4.o
       146          0          0          0          0       2663   list.o
       456         28          0          0          0       9663   main.o
       760         60          0          4          8       4743   port.o
       560         42        256          0        262       9865   protocol.o
      1698         16          0          0         64      22918   queue.o
       212         20          0          0        136       9002   spi.o
        72         30        664          0      20480        836   startup_stm32h743xx.o
       192         32          0         12          0      16313   stm32h7xx_hal.o
       284         24          0          0          0      12995   stm32h7xx_hal_cortex.o
      2806         36         92          0          0      38494   stm32h7xx_hal_fdcan.o
       410         20          0          0          0       7424   stm32h7xx_hal_gpio.o
        40          4          0          0          0       5466   stm32h7xx_hal_msp.o
      2798          4          0          0          0      15629   stm32h7xx_hal_pcd.o
       130          4          0          0          0       6443   stm32h7xx_hal_pcd_ex.o
        88          4          0          0          0      11871   stm32h7xx_hal_pwr_ex.o
      2362         64          0          0          0      11651   stm32h7xx_hal_rcc.o
      2896         98          0          0          0      17185   stm32h7xx_hal_rcc_ex.o
       412          8          0          0          0      20601   stm32h7xx_hal_spi.o
       774         72          0          0          0      49050   stm32h7xx_hal_tim.o
         6          0          0          0          0      22910   stm32h7xx_hal_tim_ex.o
       144         20          0          0         76      10432   stm32h7xx_hal_timebase_tim.o
        68          8          0          0          0       1598   stm32h7xx_it.o
      2526        120          0          0          0      23191   stm32h7xx_ll_usb.o
       240         40         16          8          0       6487   system_stm32h7xx.o
      2188         68          0          0       1280      31147   tasks.o
        54          8        188          0          4      10746   test.o
       992         58          0          0        300      15512   timers.o
       450         36          0       4096       2080       6734   usb.o
        84         16          0          0        732       3526   usb_device.o
      1146         16          0        133          0      12158   usbd_cdc.o
       148         20          0         20       4096       3176   usbd_cdc_if.o
       794         40          0          0       1796      21461   usbd_conf.o
       900          0          0          0          0      10014   usbd_core.o
      1388         46          0          0          1       8498   usbd_ctlreq.o
       298        104          0         80        512       4078   usbd_desc.o
       128          0          0          0          0       5114   usbd_ioreq.o

    ----------------------------------------------------------------------
     35784       1554       1440       4476      83684     582802   Object Totals
         0          0         32          0          0          0   (incl. Generated)
        76          0          0         15         71          0   (incl. Padding)

    ----------------------------------------------------------------------

      Code (inc. data)   RO Data    RW Data    ZI Data      Debug   Library Member Name

        58          0          0          0          0          0   __dczerorl.o
         8          0          0          0          0         68   __main.o
         0          0          0          0          0          0   __rtentry.o
        12          0          0          0          0          0   __rtentry2.o
         6          0          0          0          0          0   __rtentry4.o
        52          8          0          0          0          0   __scatter.o
        28          0          0          0          0          0   __scatter_zi.o
        22          0          0          0          0        100   _rserrno.o
        16          0          0          0          0         68   aeabi_memset4.o
        10          0          0          0          0         68   defsig_exit.o
        50          0          0          0          0         88   defsig_general.o
        80         58          0          0          0         76   defsig_rtmem_inner.o
        14          0          0          0          0         80   defsig_rtmem_outer.o
        18          0          0          0          0         80   exit.o
        94          0          0          0          0         80   h1_alloc.o
        52          0          0          0          0         68   h1_extend.o
        78          0          0          0          0         80   h1_free.o
        14          0          0          0          0         84   h1_init.o
         6          0          0          0          0        152   heapauxi.o
         4          0          0          0          0        136   hguard.o
         0          0          0          0          0          0   indicate_semi.o
       138          0          0          0          0        168   init_alloc.o
         2          0          0          0          0          0   libinit.o
        14          0          0          0          0          0   libinit2.o
         2          0          0          0          0          0   libshutdown.o
         2          0          0          0          0          0   libshutdown2.o
         8          4          0          0         96         68   libspace.o
       238          0          0          0          0        100   lludivv7m.o
         0          0          0          0          0          0   maybetermalloc1.o
         8          4          0          0          0         68   rt_errno_addr_intlibspace.o
         8          4          0          0          0         68   rt_heap_descriptor_intlibspace.o
        68          0          0          0          0         68   rt_memclr.o
        78          0          0          0          0         80   rt_memclr_w.o
       138          0          0          0          0         68   rt_memcpy_v6.o
       100          0          0          0          0         80   rt_memcpy_w.o
         2          0          0          0          0          0   rtexit.o
        10          0          0          0          0          0   rtexit2.o
        12          4          0          0          0         68   sys_exit.o
        74          0          0          0          0         80   sys_stackheap_outer.o
        14          0          0          0          0         76   sys_wrch.o
         2          0          0          0          0         68   use_no_semi.o
       140          4          0          0          0        132   fnaninf.o
        10          0          0          0          0        116   fpinit.o
       244          8          0          0          0        132   frem_clz.o
         0          0          0          0          0          0   usenofp.o
        14          0          0          0          0        116   fabsf.o
       176          0          0          0          0        168   fmodf.o
        16          6          0          0          0        116   funder.o

    ----------------------------------------------------------------------
      2152        100          0          0         96       3068   Library Totals
        12          0          0          0          0          0   (incl. Padding)

    ----------------------------------------------------------------------

      Code (inc. data)   RO Data    RW Data    ZI Data      Debug   Library Name

      1540         82          0          0         96       2288   c_w.l
       394         12          0          0          0        380   fz_wv.l
       206          6          0          0          0        400   m_wv.l

    ----------------------------------------------------------------------
      2152        100          0          0         96       3068   Library Totals

    ----------------------------------------------------------------------

==============================================================================


      Code (inc. data)   RO Data    RW Data    ZI Data      Debug   

     37936       1654       1440       4476      83780     583518   Grand Totals
     37936       1654       1440        264      83780     583518   ELF Image Totals (compressed)
     37936       1654       1440        264          0          0   ROM Totals

==============================================================================

    Total RO  Size (Code + RO Data)                39376 (  38.45kB)
    Total RW  Size (RW Data + ZI Data)             88256 (  86.19kB)
    Total ROM Size (Code + RO Data + RW Data)      39640 (  38.71kB)

==============================================================================

